C:\Users\Acer>jmap -histo 9728
No dump file specified
Позволяет увидеть какие объекты созданы и в каком количестве
 номер		кол-во			вес		имя класса
 num     #instances         #bytes  class name (module)
-------------------------------------------------------
   1:         20444        1162608  [B (java.base@15)
   2:         19359         464616  java.lang.String (java.base@15)
   3:          2918         352248  java.lang.Class (java.base@15)
   4:          3918         225728  [Ljava.lang.Object; (java.base@15)
   5:          6455         206560  java.util.HashMap$Node (java.base@15)
   6:          6299         201568  java.util.concurrent.ConcurrentHashMap$Node (java.base@15)
   7:          4081         163240  java.util.TreeMap$Entry (java.base@15)
   8:          1172         126568  [I (java.base@15)
   9:           333         115152  [C (java.base@15)
  10:           772         102056  [Ljava.util.HashMap$Node; (java.base@15)
  11:           789          69432  java.lang.reflect.Method (java.base@15)
  12:          1562          62480  sun.util.locale.LocaleObjectCache$CacheEntry (java.base@15)
  13:           114          61632  [Ljava.util.concurrent.ConcurrentHashMap$Node; (java.base@15)
  14:          1265          60720  java.util.TreeMap (java.base@15)
  15:          1408          56320  java.lang.ref.SoftReference (java.base@15)
  16:          2088          50112  java.lang.Long (java.base@15)
  17:           740          35520  java.util.HashMap (java.base@15)
  18:          1089          34720  [Ljava.lang.String; (java.base@15)
  19:           644          30912  java.lang.invoke.MemberName (java.base@15)
  20:          1218          29952  [Ljava.lang.Class; (java.base@15)
  21:          1224          29376  javax.management.openmbean.CompositeDataSupport (java.management@15)
  22:           641          25640  java.util.LinkedHashMap$Entry (java.base@15)
  23:           799          25568  sun.util.locale.BaseLocale (java.base@15)
  24:           780          24960  sun.util.locale.BaseLocale$Key (java.base@15)
  25:           370          23680  java.util.concurrent.ConcurrentHashMap (java.base@15)
  26:           520          20800  java.lang.invoke.MethodType (java.base@15)
  27:          1233          19728  java.util.TreeMap$KeySet (java.base@15)
  28:           250          17000  [Ljava.lang.ref.SoftReference; (java.base@15)
  29:           408          16320  java.math.BigInteger (java.base@15)
  30:           219          15768  java.lang.reflect.Constructor (java.base@15)
  31:           490          15680  java.lang.invoke.MethodType$ConcurrentWeakInternSet$WeakEntry (java.base@15)
  32:            67          15160  [J (java.base@15)
  33:           471          15072  java.lang.invoke.LambdaForm$Name (java.base@15)
  34:           621          14904  java.util.Arrays$ArrayList (java.base@15)
  35:           618          14832  java.security.Provider$ServiceKey (java.base@15)
  36:           924          14784  java.lang.Object (java.base@15)
  37:           585          14040  java.util.Collections$UnmodifiableRandomAccessList (java.base@15)
  38:           240          13440  jdk.internal.org.objectweb.asm.SymbolTable$Entry (java.base@15)
  39:           220          12320  java.security.Provider$Service (java.base@15)
  40:           506          12144  java.lang.invoke.ResolvedMethodName (java.base@15)
  41:           461          11064  java.util.ArrayList (java.base@15)
  42:           396           9504  java.lang.module.ModuleDescriptor$Exports (java.base@15)
  43:           296           9472  java.lang.ref.WeakReference (java.base@15)
  44:           147           8232  java.lang.Module (java.base@15)
  45:           250           8000  java.util.TreeMap$KeyIterator (java.base@15)
  46:           247           7904  sun.security.util.KnownOIDs (java.base@15)
  47:           463           7408  java.lang.Integer (java.base@15)
  48:           141           6488  [Ljava.lang.invoke.LambdaForm$Name; (java.base@15)
  49:           262           6288  java.util.ImmutableCollections$Set12 (java.base@15)
  50:            17           6256  java.lang.Thread (java.base@15)
  51:           156           6240  java.util.WeakHashMap$Entry (java.base@15)
  52:           194           6208  java.lang.invoke.DirectMethodHandle (java.base@15)
  53:           190           6080  java.lang.invoke.LambdaForm$NamedFunction (java.base@15)
  54:            76           6080  jdk.internal.reflect.DelegatingClassLoader (java.base@15)
  55:           252           6048  javax.management.ImmutableDescriptor (java.management@15)
  56:           177           5664  java.lang.module.ModuleDescriptor$Requires (java.base@15)
  57:            70           5600  java.net.URI (java.base@15)
  58:           114           5472  java.lang.invoke.LambdaForm (java.base@15)
  59:           219           5256  java.security.Provider$UString (java.base@15)
  60:           155           4960  com.sun.jmx.mbeanserver.ConvertingMethod (java.management@15)
  61:            97           4656  java.util.logging.LogManager$LoggerWeakRef (java.logging@15)
  62:            81           4536  java.util.LinkedHashMap (java.base@15)
  63:           141           4512  java.lang.invoke.MethodTypeForm (java.base@15)
  64:             8           4480  [Ljdk.internal.org.objectweb.asm.SymbolTable$Entry; (java.base@15)
  65:            70           4480  java.lang.module.ModuleDescriptor (java.base@15)
  66:           276           4416  java.util.HashSet (java.base@15)
  67:           182           4368  java.util.Collections$UnmodifiableCollection$1 (java.base@15)
  68:            55           4168  [S (java.base@15)
  69:           170           4080  jdk.internal.module.ServicesCatalog$ServiceProvider (java.base@15)
  70:           167           4008  java.util.ImmutableCollections$SetN (java.base@15)
  71:            98           3920  java.security.ProtectionDomain (java.base@15)
  72:            70           3920  jdk.internal.module.ModuleReferenceImpl (java.base@15)
  73:            93           3720  java.security.CodeSource (java.base@15)
  74:           108           3456  java.lang.invoke.BoundMethodHandle$Species_L (java.base@15)
  75:            39           3440  [Ljava.lang.invoke.MethodHandle; (java.base@15)
  76:            33           3440  [Ljava.util.WeakHashMap$Entry; (java.base@15)
  77:           166           3320  [Lcom.sun.jmx.mbeanserver.MXBeanMapping; (java.management@15)
  78:           133           3248  [Ljavax.management.ObjectName$Property; (java.management@15)
  79:            80           3200  java.io.ObjectStreamField (java.base@15)
  80:            79           3160  com.sun.management.internal.DiagnosticCommandArgumentInfo (jdk.management@15)
  81:            49           3136  javax.management.openmbean.OpenMBeanAttributeInfoSupport (java.management@15)
  82:           129           3096  java.util.ImmutableCollections$List12 (java.base@15)
  83:            42           3024  java.lang.reflect.Field (java.base@15)
  84:            91           2912  java.util.logging.LogManager$LogNode (java.logging@15)
  85:            55           2888  [Ljavax.management.MBeanAttributeInfo; (java.management@15)
  86:           119           2856  javax.management.ObjectName$Property (java.management@15)
  87:           104           2744  [[C (java.base@15)
  88:            84           2688  jdk.internal.loader.NativeLibraries (java.base@15)
  89:            67           2680  org.postgresql.PGProperty
  90:           111           2664  java.util.concurrent.CopyOnWriteArrayList (java.base@15)
  91:           164           2624  java.util.HashMap$EntrySet (java.base@15)
  92:            54           2592  javax.management.MBeanInfo (java.management@15)
  93:           157           2512  java.util.Collections$UnmodifiableSet (java.base@15)
  94:            57           2280  java.lang.invoke.BoundMethodHandle$Species_LL (java.base@15)
  95:            53           2120  sun.security.util.NamedCurve (java.base@15)
  96:            66           2112  java.lang.invoke.LambdaForm$Kind (java.base@15)
  97:            66           2112  javax.management.ObjectName (java.management@15)
  98:            65           2080  javax.management.MBeanAttributeInfo (java.management@15)
  99:            64           2048  java.io.ObjectStreamClass$WeakClassKey (java.base@15)
 100:           128           2048  java.lang.Character (java.base@15)
 101:            36           2016  java.util.logging.Logger (java.logging@15)
 102:            36           2016  sun.util.calendar.ZoneInfo (java.base@15)
 103:            41           1968  com.sun.management.internal.DiagnosticCommandInfo (jdk.management@15)
 104:            48           1920  java.lang.invoke.DirectMethodHandle$Constructor (java.base@15)
 105:            60           1920  java.lang.ref.ReferenceQueue (java.base@15)
 106:            60           1920  jdk.internal.loader.BuiltinClassLoader$LoadedModule (java.base@15)
 107:            79           1896  java.lang.StringBuilder (java.base@15)
 108:            78           1872  jdk.internal.reflect.NativeConstructorAccessorImpl (java.base@15)
 109:             8           1792  jdk.internal.org.objectweb.asm.MethodWriter (java.base@15)
 110:            72           1728  java.lang.module.ModuleDescriptor$Provides (java.base@15)
 111:            36           1728  javax.management.Notification (java.management@15)
 112:            72           1728  javax.management.openmbean.TabularDataSupport (java.management@15)
 113:            53           1696  java.security.spec.EllipticCurve (java.base@15)
 114:            53           1696  sun.security.util.ObjectIdentifier (java.base@15)
 115:            70           1680  jdk.internal.module.SystemModuleFinders$2 (java.base@15)
 116:            41           1640  java.lang.NoSuchMethodException (java.base@15)
 117:             2           1584  [[B (java.base@15)
 118:            98           1568  [Ljava.security.Principal; (java.base@15)
 119:            98           1568  java.security.ProtectionDomain$Key (java.base@15)
 120:            32           1536  java.lang.management.MemoryUsage (java.management@15)
 121:            38           1520  javax.management.MBeanOperationInfo (java.management@15)
 122:            63           1512  sun.reflect.generics.tree.SimpleClassTypeSignature (java.base@15)
 123:            37           1480  java.util.logging.Logger$ConfigurationData (java.logging@15)
 124:            61           1464  java.lang.module.ResolvedModule (java.base@15)
 125:            61           1464  java.util.Arrays$ArrayItr (java.base@15)
 126:            61           1464  jdk.internal.module.SystemModuleFinders$SystemModuleReader (java.base@15)
 127:            23           1456  [Ljava.lang.reflect.Method; (java.base@15)
 128:            45           1440  java.lang.ThreadLocal$ThreadLocalMap$Entry (java.base@15)
 129:            30           1440  java.time.temporal.ValueRange (java.base@15)
 130:            30           1440  java.util.WeakHashMap (java.base@15)
 131:            35           1400  java.io.ObjectStreamClass$FieldReflectorKey (java.base@15)
 132:            42           1344  javax.management.MBeanParameterInfo (java.management@15)
 133:            45           1336  [Ljavax.management.MBeanOperationInfo; (java.management@15)
 134:            41           1312  com.sun.management.internal.DiagnosticCommandImpl$Wrapper (jdk.management@15)
 135:            54           1296  java.security.spec.ECPoint (java.base@15)
 136:            79           1264  jdk.internal.reflect.DelegatingMethodAccessorImpl (java.base@15)
 137:            78           1248  jdk.internal.reflect.DelegatingConstructorAccessorImpl (java.base@15)
 138:            31           1240  java.security.AccessControlContext (java.base@15)
 139:            30           1200  java.lang.invoke.DirectMethodHandle$Accessor (java.base@15)
 140:            30           1200  java.time.temporal.ChronoField (java.base@15)
 141:            38           1184  [Ljava.math.BigInteger; (java.base@15)
 142:            63           1176  [Lsun.reflect.generics.tree.TypeArgument; (java.base@15)
 143:            28           1120  java.lang.Package$VersionInfo (java.base@15)
 144:             3           1088  [Ljava.lang.Integer; (java.base@15)
 145:            17           1088  java.lang.Class$ReflectionData (java.base@15)
 146:            27           1080  java.lang.invoke.MethodHandleImpl$AsVarargsCollector (java.base@15)
 147:            67           1072  java.util.HashMap$KeySet (java.base@15)
 148:            19           1064  javax.management.openmbean.CompositeType (java.management@15)
 149:             1           1048  [Lsun.security.util.KnownOIDs; (java.base@15)
 150:             1           1040  [Ljava.lang.Long; (java.base@15)
 151:            65           1040  jdk.internal.module.SystemModuleFinders$3 (java.base@15)
 152:            41           1024  [Lcom.sun.management.internal.DiagnosticCommandArgumentInfo; (jdk.management@15)
 153:            18           1008  sun.security.ec.SunEC$ProviderServiceA (jdk.crypto.ec@15)
 154:            31            992  java.lang.invoke.VarHandle$AccessMode (java.base@15)
 155:            62            992  java.lang.ref.ReferenceQueue$Lock (java.base@15)
 156:            62            992  sun.reflect.generics.tree.ClassTypeSignature (java.base@15)
 157:            41            984  com.sun.jmx.mbeanserver.PerInterface$MethodAndSig (java.management@15)
 158:            24            960  com.sun.jmx.mbeanserver.MXBeanSupport (java.management@15)
 159:             8            960  java.io.ObjectStreamClass (java.base@15)
 160:            30            960  java.security.Provider$EngineDescription (java.base@15)
 161:            17            952  jdk.internal.org.objectweb.asm.Label (java.base@15)
 162:            29            928  java.lang.Package (java.base@15)
 163:            19            912  javax.management.openmbean.ArrayType (java.management@15)
 164:            37            904  [Ljavax.management.MBeanParameterInfo; (java.management@15)
 165:            14            896  java.net.URL (java.base@15)
 166:            14            896  java.nio.DirectByteBuffer (java.base@15)
 167:            16            896  sun.security.ec.SunEC$ProviderService (jdk.crypto.ec@15)
 168:             3            888  [[Ljava.lang.String; (java.base@15)
 169:            30            864  [Ljava.io.ObjectStreamField; (java.base@15)
 170:             6            864  [Ljava.lang.invoke.MemberName; (java.base@15)
 171:            36            864  com.sun.jmx.remote.internal.ArrayNotificationBuffer$NamedNotification (java.management@15)
 172:            36            864  java.lang.management.ManagementPermission (java.management@15)
 173:            27            864  java.util.Locale (java.base@15)
 174:            18            864  jdk.internal.ref.CleanerImpl$PhantomCleanableRef (java.base@15)
 175:            17            816  java.lang.invoke.LambdaFormEditor$Transform (java.base@15)
 176:            25            800  com.sun.jmx.mbeanserver.WeakIdentityHashMap$IdentityWeakReference (java.management@15)
 177:            14            784  javax.management.openmbean.OpenMBeanParameterInfoSupport (java.management@15)
 178:            32            768  com.sun.jmx.mbeanserver.DefaultMXBeanMappingFactory$IdentityMapping (java.management@15)
 179:            16            768  jdk.internal.org.objectweb.asm.Frame (java.base@15)
 180:            32            768  sun.management.MemoryUsageCompositeData (java.management@15)
 181:            19            760  java.lang.invoke.BoundMethodHandle$Species_LJ (java.base@15)
 182:            23            736  sun.management.MappedMXBeanType$BasicMXBeanType (java.management@15)
 183:            13            728  org.jcp.xml.dsig.internal.dom.XMLDSigRI$ProviderService (java.xml.crypto@15)
 184:             9            720  [Ljava.lang.ThreadLocal$ThreadLocalMap$Entry; (java.base@15)
 185:             9            720  sun.nio.ch.NioSocketImpl (java.base@15)
 186:            18            720  sun.reflect.generics.repository.MethodRepository (java.base@15)
 187:            22            704  java.util.concurrent.locks.ReentrantLock$NonfairSync (java.base@15)
 188:            11            704  org.postgresql.core.v3.SimpleQuery
 189:            31            688  [Ljava.lang.reflect.Type; (java.base@15)
 190:             7            680  [D (java.base@15)
 191:            28            672  java.time.LocalTime (java.base@15)
 192:            28            672  jdk.internal.org.objectweb.asm.ByteVector (java.base@15)
 193:            27            648  java.util.Collections$SingletonList (java.base@15)
 194:             3            624  [Ljava.lang.invoke.LambdaForm; (java.base@15)
 195:            26            624  com.sun.jmx.mbeanserver.NamedObject (java.management@15)
 196:            26            624  java.security.spec.ECFieldF2m (java.base@15)
 197:            26            624  java.util.jar.Attributes$Name (java.base@15)
 198:             4            608  jdk.internal.org.objectweb.asm.ClassWriter (java.base@15)
 199:            19            608  jdk.internal.org.objectweb.asm.Type (java.base@15)
 200:            15            600  java.io.FileDescriptor (java.base@15)
 201:            12            576  jdk.internal.org.objectweb.asm.AnnotationWriter (java.base@15)
 202:            18            576  sun.reflect.generics.tree.MethodTypeSignature (java.base@15)
 203:             7            560  [Ljava.nio.ByteBuffer; (java.base@15)
 204:             7            560  java.util.concurrent.TimeUnit (java.base@15)
 205:            14            560  javax.management.openmbean.SimpleType (java.management@15)
 206:            10            560  sun.invoke.util.Wrapper (java.base@15)
 207:            10            560  sun.security.mscapi.SunMSCAPI$ProviderService (jdk.crypto.mscapi@15)
 208:            23            552  java.lang.invoke.Invokers (java.base@15)
 209:            23            552  java.time.Duration (java.base@15)
 210:            19            536  [Ljava.lang.reflect.Constructor; (java.base@15)
 211:             1            528  [Ljava.lang.Character; (java.base@15)
 212:            11            528  com.sun.jmx.mbeanserver.DefaultMXBeanMappingFactory$CompositeMapping (java.management@15)
 213:            33            528  java.util.ImmutableCollections$ListN (java.base@15)
 214:            13            520  com.sun.jmx.mbeanserver.PerInterface (java.management@15)
 215:            16            512  java.time.temporal.ChronoUnit (java.base@15)
 216:            16            512  java.util.ArrayList$Itr (java.base@15)
 217:            32            512  java.util.Collections$UnmodifiableMap$UnmodifiableEntrySet$UnmodifiableEntry (java.base@15)
 218:            21            504  java.lang.RuntimePermission (java.base@15)
 219:            21            504  sun.reflect.generics.factory.CoreReflectionFactory (java.base@15)
 220:             9            504  sun.security.mscapi.SunMSCAPI$ProviderServiceA (jdk.crypto.mscapi@15)
 221:             7            496  [Lsun.invoke.util.Wrapper; (java.base@15)
 222:            12            480  java.lang.invoke.VarHandleReferences$FieldInstanceReadWrite (java.base@15)
 223:            12            480  java.util.IdentityHashMap (java.base@15)
 224:            19            456  java.lang.Class$AnnotationData (java.base@15)
 225:            19            456  sun.reflect.generics.reflectiveObjects.ParameterizedTypeImpl (java.base@15)
 226:            25            448  [Lsun.reflect.generics.tree.FieldTypeSignature; (java.base@15)
 227:            14            448  java.net.InetAddress$InetAddressHolder (java.base@15)
 228:             8            448  sun.management.MemoryPoolImpl (java.management@15)
 229:            20            440  [Ljavax.management.MBeanNotificationInfo; (java.management@15)
 230:            11            440  java.lang.OutOfMemoryError (java.base@15)
 231:            11            440  sun.nio.fs.WindowsPath (java.base@15)
 232:             1            432  [[[C (java.base@15)
 233:             9            432  java.lang.invoke.BoundMethodHandle$SpeciesData (java.base@15)
 234:            27            432  java.security.spec.ECFieldFp (java.base@15)
 235:             9            432  java.util.Hashtable (java.base@15)
 236:            18            432  javax.management.StandardMBean (java.management@15)
 237:             3            432  jdk.internal.reflect.MethodAccessorGenerator (java.base@15)
 238:            18            432  sun.nio.ch.SocketOptionRegistry$RegistryKey (java.base@15)
 239:            18            432  sun.reflect.generics.scope.MethodScope (java.base@15)
 240:             9            424  [Ljava.util.Hashtable$Entry; (java.base@15)
 241:            13            416  sun.security.jca.ProviderConfig (java.base@15)
 242:            17            408  sun.nio.ch.OptionKey (java.base@15)
 243:             7            392  java.lang.invoke.BoundMethodHandle$Species_LLLLLLL (java.base@15)
 244:             7            392  java.nio.HeapByteBuffer (java.base@15)
 245:             7            392  java.util.Properties (java.base@15)
 246:            12            384  java.lang.invoke.VarHandle$AccessDescriptor (java.base@15)
 247:             6            384  java.util.stream.ReferencePipeline$3 (java.base@15)
 248:            12            384  jdk.internal.reflect.ClassFileAssembler (java.base@15)
 249:            12            384  jdk.jfr.internal.LogTag (jdk.jfr@15)
 250:            22            376  [Lsun.reflect.generics.tree.FormalTypeParameter; (java.base@15)
 251:             1            376  com.intellij.rt.execution.application.AppMainV2$1
 252:             1            376  java.lang.ref.Finalizer$FinalizerThread (java.base@15)
 253:             1            376  java.util.logging.LogManager$Cleaner (java.logging@15)
 254:             1            376  jdk.internal.misc.InnocuousThread (java.base@15)
 255:             1            368  java.lang.ref.Reference$ReferenceHandler (java.base@15)
 256:             9            360  [Ljava.lang.invoke.BoundMethodHandle$SpeciesData; (java.base@15)
 257:             9            360  jdk.internal.loader.NativeLibraries$NativeLibraryImpl (java.base@15)
 258:             8            352  [Ljava.lang.invoke.MethodType; (java.base@15)
 259:            11            352  java.util.Collections$UnmodifiableMap (java.base@15)
 260:            22            352  java.util.concurrent.locks.ReentrantLock (java.base@15)
 261:             4            352  java.util.regex.Pattern (java.base@15)
 262:            11            352  org.postgresql.core.NativeQuery
 263:             7            336  java.lang.invoke.BoundMethodHandle$Species_LLLL (java.base@15)
 264:             6            336  java.nio.DirectLongBufferU (java.base@15)
 265:            14            336  java.security.Permissions (java.base@15)
 266:             6            336  java.util.stream.ReferencePipeline$Head (java.base@15)
 267:            14            336  org.postgresql.core.ServerVersion
 268:             3            336  sun.security.provider.HashDrbg (java.base@15)
 269:            21            336  sun.util.logging.internal.LoggingProviderImpl$JULWrapper (java.logging@15)
 270:            18            328  [Lsun.reflect.generics.tree.TypeSignature; (java.base@15)
 271:             3            328  [Z (java.base@15)
 272:             8            320  java.lang.invoke.DirectMethodHandle$Interface (java.base@15)
 273:             8            320  java.net.Socket (java.base@15)
 274:             8            320  sun.management.MemoryPoolImpl$CollectionSensor (java.management@15)
 275:             8            320  sun.management.MemoryPoolImpl$PoolSensor (java.management@15)
 276:            17            312  [Ljavax.management.MBeanConstructorInfo; (java.management@15)
 277:            13            312  java.util.concurrent.atomic.AtomicLong (java.base@15)
 278:             1            288  [Lorg.postgresql.PGProperty;
 279:            12            288  com.sun.jmx.remote.util.ClassLogger (java.management@15)
 280:             6            288  java.lang.invoke.BoundMethodHandle$Species_LLLLL (java.base@15)
 281:            12            288  java.net.StandardSocketOptions$StdSocketOption (java.base@15)
 282:             9            288  java.util.Hashtable$Entry (java.base@15)
 283:             6            288  java.util.concurrent.ThreadPoolExecutor$Worker (java.base@15)
 284:             3            288  java.util.jar.JarFile$JarFileEntry (java.base@15)
 285:             9            288  java.util.logging.Level (java.logging@15)
 286:             9            288  java.util.logging.Level$KnownLevel (java.logging@15)
 287:             9            288  javax.management.MBeanNotificationInfo (java.management@15)
 288:            12            288  jdk.internal.reflect.ByteVectorImpl (java.base@15)
 289:             1            280  [Ljava.lang.invoke.LambdaForm$Kind; (java.base@15)
 290:             7            280  jdk.internal.ref.Cleaner (java.base@15)
 291:             7            280  sun.rmi.transport.tcp.TCPEndpoint (java.rmi@15)
 292:             7            280  sun.util.locale.provider.LocaleResources$ResourceReference (java.base@15)
 293:             7            280  sun.util.resources.Bundles$BundleReference (java.base@15)
 294:            11            264  java.lang.invoke.MethodHandleImpl$Intrinsic (java.base@15)
 295:            11            264  java.net.Inet4Address (java.base@15)
 296:            11            264  java.util.Collections$SetFromMap (java.base@15)
 297:             8            256  java.lang.reflect.ProxyGenerator$PrimitiveTypeInfo (java.base@15)
 298:             8            256  java.rmi.server.UID (java.rmi@15)
 299:            16            256  java.util.TreeMap$EntrySet (java.base@15)
 300:            16            256  java.util.concurrent.atomic.AtomicInteger (java.base@15)
 301:             4            256  jdk.internal.org.objectweb.asm.FieldWriter (java.base@15)
 302:             4            256  jdk.internal.org.objectweb.asm.SymbolTable (java.base@15)
 303:            10            240  java.nio.charset.CoderResult (java.base@15)
 304:            10            240  java.nio.file.StandardOpenOption (java.base@15)
 305:            10            240  java.util.ArrayDeque (java.base@15)
 306:             6            240  java.util.StringJoiner (java.base@15)
 307:             3            240  java.util.zip.ZipFile$Source (java.base@15)
 308:            10            240  jdk.internal.reflect.NativeMethodAccessorImpl (java.base@15)
 309:             5            240  sun.nio.cs.UTF_8$Encoder (java.base@15)
 310:             5            232  [Ljava.lang.invoke.LambdaForm$NamedFunction; (java.base@15)
 311:             8            232  [Ljava.lang.reflect.Field; (java.base@15)
 312:             4            224  java.lang.invoke.InvokerBytecodeGenerator (java.base@15)
 313:             7            224  java.nio.DirectByteBuffer$Deallocator (java.base@15)
 314:             7            224  org.postgresql.core.Parser$SqlParseState
 315:             7            224  org.postgresql.core.SqlCommand
 316:             7            224  sun.util.resources.Bundles$CacheKey (java.base@15)
 317:             9            216  com.sun.jmx.interceptor.DefaultMBeanServerInterceptor$ListenerWrapper (java.management@15)
 318:             9            216  java.lang.NamedPackage (java.base@15)
 319:             9            216  java.lang.ThreadLocal$ThreadLocalMap (java.base@15)
 320:             3            216  java.util.concurrent.ScheduledThreadPoolExecutor$ScheduledFutureTask (java.base@15)
 321:             9            216  org.postgresql.shaded.com.ongres.scram.common.ScramAttributes
 322:             9            216  sun.rmi.runtime.Log$LoggerLog (java.rmi@15)
 323:             9            216  sun.security.util.LazyCodeSourcePermissionCollection (java.base@15)
 324:             9            216  sun.util.logging.PlatformLogger$Level (java.base@15)
 325:             1            208  org.postgresql.core.v3.QueryExecutorImpl
 326:             5            200  java.util.EnumMap (java.base@15)
 327:             5            200  java.util.stream.StreamOpFlag (java.base@15)
 328:             5            200  sun.rmi.transport.tcp.TCPTransport$ConnectionHandler (java.rmi@15)
 329:             4            192  [Ljava.lang.management.MemoryUsage; (java.management@15)
 330:             6            192  com.sun.jmx.mbeanserver.DefaultMXBeanMappingFactory$CollectionMapping (java.management@15)
 331:             4            192  java.lang.ThreadGroup (java.base@15)
 332:             6            192  java.lang.invoke.LambdaForm$BasicType (java.base@15)
 333:             4            192  java.lang.invoke.LambdaFormBuffer (java.base@15)
 334:             6            192  java.lang.invoke.MethodHandles$Lookup (java.base@15)
 335:             8            192  java.math.RoundingMode (java.base@15)
 336:             8            192  java.net.NetPermission (java.base@15)
 337:             3            192  java.nio.DirectByteBufferR (java.base@15)
 338:            12            192  java.util.Collections$SingletonSet (java.base@15)
 339:             6            192  java.util.Collections$SynchronizedMap (java.base@15)
 340:             6            192  java.util.RegularEnumSet (java.base@15)
 341:             6            192  java.util.Spliterators$ArraySpliterator (java.base@15)
 342:             6            192  java.util.stream.Collectors$CollectorImpl (java.base@15)
 343:             6            192  java.util.stream.ReduceOps$3 (java.base@15)
 344:             6            192  java.util.stream.ReduceOps$3ReducingSink (java.base@15)
 345:             3            192  java.util.zip.Inflater (java.base@15)
 346:             4            192  org.postgresql.shaded.com.ongres.scram.common.ScramMechanisms
 347:             6            192  sun.management.NotificationEmitterSupport$ListenerInfo (java.management@15)
 348:             4            192  sun.nio.cs.StreamEncoder (java.base@15)
 349:             3            192  sun.nio.fs.WindowsFileAttributes (java.base@15)
 350:             8            184  [Ljdk.internal.org.objectweb.asm.Type; (java.base@15)
 351:            11            176  java.lang.ThreadLocal (java.base@15)
 352:            11            176  java.util.HashMap$Values (java.base@15)
 353:             1            168  [[Ljava.math.BigInteger; (java.base@15)
 354:             3            168  java.io.FileCleanable (java.base@15)
 355:             7            168  java.lang.System$Logger$Level (java.base@15)
 356:             7            168  java.net.Socket$SocketInputStream (java.base@15)
 357:             3            168  java.nio.HeapCharBuffer (java.base@15)
 358:             3            168  java.util.jar.JarFile (java.base@15)
 359:             3            168  javax.management.openmbean.OpenMBeanOperationInfoSupport (java.management@15)
 360:             7            168  org.postgresql.core.SqlCommandType
 361:             7            168  sun.management.counter.Units (java.management@15)
 362:             7            168  sun.nio.ch.Util$BufferCache (java.base@15)
 363:             3            168  sun.rmi.transport.Target (java.rmi@15)
 364:             4            160  [Ljava.lang.Thread; (java.base@15)
 365:             3            160  [Ljava.util.logging.Level; (java.logging@15)
 366:             2            160  [[Ljava.lang.Object; (java.base@15)
 367:             5            160  java.io.BufferedOutputStream (java.base@15)
 368:             5            160  java.io.DataInputStream (java.base@15)
 369:             4            160  java.io.DataOutputStream (java.base@15)
 370:             5            160  java.lang.invoke.VarHandle$AccessType (java.base@15)
 371:            10            160  java.security.SecureClassLoader$CodeSourceKey (java.base@15)
 372:             4            160  java.util.HashMap$EntryIterator (java.base@15)
 373:             5            160  java.util.ImmutableCollections$MapN (java.base@15)
 374:             5            160  javax.management.StandardEmitterMBean (java.management@15)
 375:             5            160  sun.util.locale.provider.LocaleProviderAdapter$Type (java.base@15)
 376:             5            160  sun.util.locale.provider.LocaleResources (java.base@15)
 377:             1            144  [Ljava.lang.invoke.VarHandle$AccessMode; (java.base@15)
 378:             6            144  [Ljava.security.ProtectionDomain; (java.base@15)
 379:             6            144  java.io.ObjectStreamClass$ClassDataSlot (java.base@15)
 380:             6            144  java.io.ObjectStreamClass$EntryFuture (java.base@15)
 381:             6            144  java.lang.Thread$State (java.base@15)
 382:             6            144  java.lang.invoke.LambdaFormEditor$TransformKey (java.base@15)
 383:             6            144  java.lang.invoke.VarForm (java.base@15)
 384:             6            144  java.net.Socket$SocketOutputStream (java.base@15)
 385:             9            144  java.rmi.server.Operation (java.rmi@15)
 386:             6            144  java.util.BitSet (java.base@15)
 387:             1            144  java.util.Scanner (java.base@15)
 388:             6            144  java.util.stream.Collectors$$Lambda$89/0x0000000800c17430 (java.base@15)
 389:             6            144  java.util.stream.ReferencePipeline$3$1 (java.base@15)
 390:             3            144  javax.management.openmbean.TabularType (java.management@15)
 391:             3            144  jdk.internal.loader.URLClassPath$JarLoader (java.base@15)
 392:             6            144  jdk.internal.perf.PerfCounter (java.base@15)
 393:             6            144  jdk.internal.reflect.Label$PatchInfo (java.base@15)
 394:             6            144  org.postgresql.jdbc.SslMode
 395:             9            144  ru.job4j.tracker.ConsoleOutput
 396:             1            136  [Ljava.time.temporal.ChronoField; (java.base@15)
 397:             4            128  com.sun.jmx.mbeanserver.DefaultMXBeanMappingFactory$ArrayMapping (java.management@15)
 398:             4            128  com.sun.management.internal.GcInfoCompositeData (jdk.management@15)
 399:             4            128  java.io.File (java.base@15)
 400:             4            128  java.lang.invoke.MethodHandles$Lookup$ClassDefiner (java.base@15)
 401:             4            128  java.lang.invoke.VarHandleInts$FieldInstanceReadWrite (java.base@15)
 402:             2            128  java.net.SocksSocketImpl (java.base@15)
 403:             2            128  java.security.SecureRandom (java.base@15)
 404:             4            128  java.util.Vector (java.base@15)
 405:             4            128  java.util.concurrent.SynchronousQueue$TransferStack$SNode (java.base@15)
 406:             4            128  java.util.stream.FindOps$FindOp (java.base@15)
 407:             1            128  org.postgresql.jdbc.PgConnection
 408:             2            128  org.postgresql.util.LruCache$LimitedMap
 409:             8            128  sun.nio.ch.NioSocketImpl$$Lambda$19/0x0000000800b5fc30 (java.base@15)
 410:             4            128  sun.reflect.generics.reflectiveObjects.TypeVariableImpl (java.base@15)
 411:             4            128  sun.reflect.generics.repository.ClassRepository (java.base@15)
 412:             2            128  sun.security.provider.SHA2$SHA256 (java.base@15)
 413:             3            120  [Ljava.lang.invoke.LambdaForm$BasicType; (java.base@15)
 414:             3            120  java.io.BufferedInputStream (java.base@15)
 415:             5            120  java.io.ObjectStreamClass$2 (java.base@15)
 416:             3            120  java.io.ObjectStreamClass$FieldReflector (java.base@15)
 417:             5            120  java.lang.module.ModuleDescriptor$Opens (java.base@15)
 418:             3            120  java.lang.reflect.ProxyGenerator$ProxyMethod (java.base@15)
 419:             5            120  java.time.LocalDateTime (java.base@15)
 420:             5            120  java.util.stream.StreamOpFlag$Type (java.base@15)
 421:             5            120  jdk.internal.math.FloatingDecimal$PreparedASCIIToBinaryBuffer (java.base@15)
 422:             5            120  jdk.net.ExtendedSocketOptions$ExtSocketOption (jdk.net@15)
 423:             5            120  sun.nio.fs.WindowsPathType (java.base@15)
 424:             3            120  sun.rmi.transport.WeakRef (java.rmi@15)
 425:             1            112  [Ljava.time.LocalTime; (java.base@15)
 426:             2            112  [Ljavax.management.openmbean.OpenType; (java.management@15)
 427:             2            112  com.sun.management.GcInfo (jdk.management@15)
 428:             2            112  java.net.SocketPermission (java.base@15)
 429:             2            112  java.nio.DirectIntBufferRU (java.base@15)
 430:             1            112  java.util.GregorianCalendar (java.base@15)
 431:             7            112  java.util.IdentityHashMap$KeySet (java.base@15)
 432:             1            112  jdk.internal.loader.ClassLoaders$AppClassLoader (java.base@15)
 433:             7            112  jdk.internal.reflect.BootstrapConstructorAccessorImpl (java.base@15)
 434:             7            112  sun.nio.ch.NioSocketImpl$1 (java.base@15)
 435:             2            112  sun.rmi.transport.tcp.TCPConnection (java.rmi@15)
 436:             2            112  sun.security.jgss.SunProvider$ProviderService (java.security.jgss@15)
 437:             2            104  [Lsun.util.logging.PlatformLogger$Level; (java.base@15)
 438:             1            104  com.sun.crypto.provider.SunJCE (java.base@15)
 439:             1            104  jdk.internal.loader.ClassLoaders$BootClassLoader (java.base@15)
 440:             1            104  jdk.internal.loader.ClassLoaders$PlatformClassLoader (java.base@15)
 441:             1            104  org.jcp.xml.dsig.internal.dom.XMLDSigRI (java.xml.crypto@15)
 442:             1            104  sun.security.ec.SunEC (jdk.crypto.ec@15)
 443:             1            104  sun.security.jca.ProviderList$1 (java.base@15)
 444:             1            104  sun.security.jgss.SunProvider (java.security.jgss@15)
 445:             1            104  sun.security.mscapi.SunMSCAPI (jdk.crypto.mscapi@15)
 446:             1            104  sun.security.provider.Sun (java.base@15)
 447:             1            104  sun.security.rsa.SunRsaSign (java.base@15)
 448:             1            104  sun.security.ssl.SunJSSE (java.base@15)
 449:             2             96  [Ljava.lang.System$Logger$Level; (java.base@15)
 450:             2             96  [Lorg.postgresql.core.Parser$SqlParseState;
 451:             4             96  [Lsun.reflect.generics.tree.ClassTypeSignature; (java.base@15)
 452:             1             96  [Lsun.util.locale.BaseLocale; (java.base@15)
 453:             3             96  com.sun.jmx.mbeanserver.DefaultMXBeanMappingFactory$EnumMapping (java.management@15)
 454:             4             96  com.sun.management.internal.GarbageCollectionNotifInfoCompositeData (jdk.management@15)
 455:             2             96  com.sun.management.internal.GarbageCollectorExtImpl (jdk.management@15)
 456:             2             96  com.sun.management.internal.GcInfoBuilder (jdk.management@15)
 457:             4             96  java.io.OutputStreamWriter (java.base@15)
 458:             3             96  java.io.RandomAccessFile (java.base@15)
 459:             3             96  java.lang.Runtime$Version (java.base@15)
 460:             4             96  java.lang.invoke.InvokerBytecodeGenerator$ClassData (java.base@15)
 461:             6             96  java.lang.invoke.LambdaFormEditor (java.base@15)
 462:             4             96  java.lang.invoke.MethodHandles$Lookup$ClassFile (java.base@15)
 463:             3             96  java.lang.invoke.SimpleMethodHandle (java.base@15)
 464:             4             96  java.lang.module.ModuleDescriptor$Modifier (java.base@15)
 465:             4             96  java.lang.module.ModuleDescriptor$Requires$Modifier (java.base@15)
 466:             3             96  java.net.Inet6Address$Inet6AddressHolder (java.base@15)
 467:             4             96  java.rmi.server.ObjID (java.rmi@15)
 468:             4             96  java.security.BasicPermissionCollection (java.base@15)
 469:             3             96  java.security.MessageDigest$Delegate$CloneableDelegate (java.base@15)
 470:             4             96  java.sql.SQLPermission (java.sql@15)
 471:             4             96  java.text.Normalizer$Form (java.base@15)
 472:             4             96  java.time.LocalDate (java.base@15)
 473:             4             96  java.time.OffsetDateTime (java.base@15)
 474:             4             96  java.util.Collections$UnmodifiableMap$UnmodifiableEntrySet$1 (java.base@15)
 475:             4             96  java.util.ImmutableCollections$SetN$SetNIterator (java.base@15)
 476:             4             96  java.util.regex.Pattern$CharPropertyGreedy (java.base@15)
 477:             4             96  java.util.regex.Pattern$Qtype (java.base@15)
 478:             4             96  java.util.regex.Pattern$Start (java.base@15)
 479:             4             96  java.util.stream.StreamShape (java.base@15)
 480:             3             96  java.util.zip.ZipFile$CleanableResource (java.base@15)
 481:             3             96  javax.management.MBeanConstructorInfo (java.management@15)
 482:             1             96  jdk.internal.jimage.ImageReader$SharedImageReader (java.base@15)
 483:             4             96  jdk.internal.loader.AbstractClassLoaderValue$Sub (java.base@15)
 484:             6             96  jdk.internal.loader.ClassLoaderValue (java.base@15)
 485:             4             96  jdk.internal.logger.BootstrapLogger$LoggingBackend (java.base@15)
 486:             3             96  jdk.internal.reflect.MethodAccessorGenerator$1 (java.base@15)
 487:             3             96  jdk.internal.reflect.UnsafeQualifiedStaticLongFieldAccessorImpl (java.base@15)
 488:             4             96  org.postgresql.core.JavaVersion
 489:             4             96  org.postgresql.hostchooser.HostStatus
 490:             4             96  org.postgresql.jdbc.GSSEncMode
 491:             4             96  org.postgresql.jdbc.PreferQueryMode
 492:             4             96  org.postgresql.shaded.com.ongres.scram.common.gssapi.Gs2Attributes
 493:             2             96  org.postgresql.util.LruCache
 494:             3             96  sun.net.spi.DefaultProxySelector$NonProxyInfo (java.base@15)
 495:             6             96  sun.nio.ch.NioSocketImpl$2 (java.base@15)
 496:             2             96  sun.nio.cs.StreamDecoder (java.base@15)
 497:             4             96  sun.reflect.generics.tree.ClassSignature (java.base@15)
 498:             4             96  sun.reflect.generics.tree.FormalTypeParameter (java.base@15)
 499:             3             96  sun.rmi.transport.LiveRef (java.rmi@15)
 500:             2             96  sun.rmi.transport.tcp.TCPChannel (java.rmi@15)
 501:             2             96  sun.security.provider.MoreDrbgParameters (java.base@15)
 502:             1             96  sun.util.calendar.Gregorian$Date (java.base@15)
 503:             3             88  [Ljava.rmi.server.Operation; (java.rmi@15)
 504:             2             88  [Lsun.security.jca.ProviderConfig; (java.base@15)
 505:             1             88  com.sun.jmx.remote.util.ClassLoaderWithRepository (java.management@15)
 506:             1             88  javax.management.remote.rmi.RMIConnectionImpl$CombinedClassLoader (java.management.rmi@15)
 507:             1             88  org.postgresql.core.PGStream
 508:             1             88  sun.reflect.misc.MethodUtil (java.base@15)
 509:             2             80  [F (java.base@15)
 510:             1             80  [Ljava.time.temporal.ChronoUnit; (java.base@15)
 511:             1             80  [Ljava.util.concurrent.RunnableScheduledFuture; (java.base@15)
 512:             2             80  [Ljava.util.stream.StreamOpFlag$Type; (java.base@15)
 513:             2             80  [Lorg.postgresql.hostchooser.HostRequirement;
 514:             2             80  [Lorg.postgresql.jdbc.SslMode;
 515:             2             80  com.sun.jmx.mbeanserver.DefaultMXBeanMappingFactory$TabularMapping (java.management@15)
 516:             2             80  java.io.BufferedWriter (java.base@15)
 517:             2             80  java.io.ObjectOutputStream$HandleTable (java.base@15)
 518:             2             80  java.io.PrintStream (java.base@15)
 519:             2             80  java.lang.ModuleLayer (java.base@15)
 520:             2             80  java.lang.NoSuchFieldException (java.base@15)
 521:             2             80  java.lang.VirtualMachineError (java.base@15)
 522:             2             80  java.lang.WeakPairMap$Pair$Weak (java.base@15)
 523:             2             80  java.lang.module.Configuration (java.base@15)
 524:             2             80  java.util.Locale$Category (java.base@15)
 525:             1             80  javax.management.remote.rmi.RMIConnectionImpl$CombinedClassLoader$ClassLoaderWrapper (java.management.rmi@15)
 526:             1             80  jdk.internal.icu.impl.NormalizerImpl (java.base@15)
 527:             2             80  jdk.internal.math.FloatingDecimal$BinaryToASCIIBuffer (java.base@15)
 528:             1             80  org.postgresql.jdbc.TypeInfoCache
 529:             2             80  sun.management.MemoryManagerImpl (java.management@15)
 530:             2             80  sun.nio.cs.UTF_8$Decoder (java.base@15)
 531:             2             80  sun.rmi.server.UnicastServerRef2 (java.rmi@15)
 532:             2             80  sun.rmi.transport.StreamRemoteCall (java.rmi@15)
 533:             1             80  sun.util.cldr.CLDRLocaleProviderAdapter (java.base@15)
 534:             1             80  sun.util.locale.provider.JRELocaleProviderAdapter (java.base@15)
 535:             3             72  [Ljava.lang.reflect.TypeVariable; (java.base@15)
 536:             1             72  [Ljavax.management.openmbean.SimpleType; (java.management@15)
 537:             1             72  [Lorg.postgresql.core.ServerVersion;
 538:             3             72  java.io.ObjectInputFilter$Status (java.base@15)
 539:             3             72  java.lang.Class$1 (java.base@15)
 540:             3             72  java.lang.StackWalker$Option (java.base@15)
 541:             3             72  java.lang.WeakPairMap (java.base@15)
 542:             3             72  java.lang.annotation.RetentionPolicy (java.base@15)
 543:             3             72  java.net.Inet6Address (java.base@15)
 544:             3             72  java.net.Proxy$Type (java.base@15)
 545:             3             72  java.nio.file.AccessMode (java.base@15)
 546:             3             72  java.security.DrbgParameters$Capability (java.base@15)
 547:             3             72  java.security.SecurityPermission (java.base@15)
 548:             3             72  java.time.ZoneOffset (java.base@15)
 549:             1             72  java.util.concurrent.ScheduledThreadPoolExecutor (java.base@15)
 550:             1             72  java.util.concurrent.ThreadPoolExecutor (java.base@15)
 551:             3             72  java.util.concurrent.locks.AbstractQueuedSynchronizer$ConditionObject (java.base@15)
 552:             1             72  java.util.regex.Matcher (java.base@15)
 553:             3             72  java.util.stream.Collector$Characteristics (java.base@15)
 554:             3             72  java.util.zip.Inflater$InflaterZStreamRef (java.base@15)
 555:             3             72  java.util.zip.ZipFile$Source$Key (java.base@15)
 556:             3             72  javax.management.NotificationBroadcasterSupport$ListenerInfo (java.management@15)
 557:             3             72  jdk.internal.icu.util.CodePointTrie$ValueWidth (java.base@15)
 558:             3             72  jdk.internal.math.FloatingDecimal$ExceptionalBinaryToASCIIBuffer (java.base@15)
 559:             3             72  jdk.internal.module.IllegalAccessLogger$Mode (java.base@15)
 560:             3             72  jdk.jfr.internal.SecuritySupport$SafePath (jdk.jfr@15)
 561:             3             72  org.postgresql.core.TransactionState
 562:             3             72  org.postgresql.jdbc.AutoSave
 563:             3             72  org.postgresql.jdbc.EscapeSyntaxCallMode
 564:             3             72  org.postgresql.jdbc.PgConnection$ReadOnlyBehavior
 565:             3             72  org.postgresql.shaded.com.ongres.scram.client.ScramClient$ChannelBinding
 566:             3             72  org.postgresql.shaded.com.ongres.scram.common.gssapi.Gs2CbindFlag
 567:             3             72  sun.management.ManagementFactoryHelper$1 (java.management@15)
 568:             3             72  sun.reflect.annotation.AnnotationInvocationHandler (java.base@15)
 569:             3             72  sun.reflect.generics.scope.ClassScope (java.base@15)
 570:             1             72  sun.rmi.transport.ConnectionInputStream (java.rmi@15)
 571:             2             64  [Ljava.io.ObjectStreamClass$ClassDataSlot; (java.base@15)
 572:             4             64  [Ljava.lang.StackTraceElement; (java.base@15)
 573:             2             64  [Ljava.lang.StackWalker$Option; (java.base@15)
 574:             2             64  [Ljava.lang.annotation.RetentionPolicy; (java.base@15)
 575:             2             64  [Ljava.lang.invoke.LambdaFormEditor$Transform; (java.base@15)
 576:             1             64  [Ljava.lang.invoke.MethodHandleImpl$Intrinsic; (java.base@15)
 577:             2             64  [Ljava.nio.charset.CoderResult; (java.base@15)
 578:             2             64  [Ljava.util.stream.Collector$Characteristics; (java.base@15)
 579:             1             64  [Ljdk.jfr.internal.LogTag; (jdk.jfr@15)
 580:             2             64  [Lorg.postgresql.jdbc.AutoSave;
 581:             2             64  [Lorg.postgresql.jdbc.GSSEncMode;
 582:             2             64  [Lorg.postgresql.jdbc.PgConnection$ReadOnlyBehavior;
 583:             4             64  com.sun.jmx.mbeanserver.GetPropertyAction (java.management@15)
 584:             1             64  com.sun.jmx.remote.internal.ArrayNotificationBuffer (java.management@15)
 585:             2             64  com.sun.management.GarbageCollectionNotificationInfo (jdk.management@15)
 586:             2             64  java.io.FileOutputStream (java.base@15)
 587:             2             64  java.lang.ClassValue$Entry (java.base@15)
 588:             2             64  java.lang.StackWalker (java.base@15)
 589:             2             64  java.lang.WeakPairMap$Pair$Weak$1 (java.base@15)
 590:             2             64  java.lang.ref.ReferenceQueue$Null (java.base@15)
 591:             4             64  java.util.Collections$UnmodifiableMap$UnmodifiableEntrySet (java.base@15)
 592:             4             64  java.util.LinkedHashMap$LinkedValues (java.base@15)
 593:             2             64  java.util.LinkedList (java.base@15)
 594:             2             64  java.util.PropertyPermission (java.base@15)
 595:             4             64  java.util.WeakHashMap$KeySet (java.base@15)
 596:             4             64  java.util.concurrent.ConcurrentHashMap$EntrySetView (java.base@15)
 597:             4             64  java.util.concurrent.ConcurrentHashMap$ValuesView (java.base@15)
 598:             1             64  java.util.logging.LogManager$RootLogger (java.logging@15)
 599:             2             64  java.util.regex.Pattern$Branch (java.base@15)
 600:             1             64  javax.management.remote.rmi.RMIConnectionImpl (java.management.rmi@15)
 601:             1             64  javax.management.remote.rmi.RMIConnectorServer (java.management.rmi@15)
 602:             1             64  javax.management.remote.rmi.RMIJRMPServerImpl (java.management.rmi@15)
 603:             2             64  jdk.internal.reflect.UnsafeQualifiedObjectFieldAccessorImpl (java.base@15)
 604:             2             64  org.postgresql.core.CachedQuery
 605:             2             64  sun.nio.fs.NativeBuffer (java.base@15)
 606:             2             64  sun.reflect.annotation.AnnotationType (java.base@15)
 607:             1             64  sun.rmi.transport.ConnectionOutputStream (java.rmi@15)
 608:             2             64  sun.rmi.transport.tcp.TCPTransport (java.rmi@15)
 609:             1             56  [Ljava.io.ObjectInputStream$HandleTable$HandleList; (java.base@15)
 610:             1             56  [Ljava.lang.Runnable; (java.base@15)
 611:             1             56  [Ljava.nio.file.StandardOpenOption; (java.base@15)
 612:             1             56  [Lorg.postgresql.shaded.com.ongres.scram.common.ScramAttributes;
 613:             1             56  [[I (java.base@15)
 614:             1             56  com.sun.jmx.remote.internal.ServerNotifForwarder (java.management@15)
 615:             1             56  java.io.ObjectInputFilter$Config$Global (java.base@15)
 616:             1             56  java.io.ObjectInputStream$BlockDataInputStream (java.base@15)
 617:             1             56  java.lang.invoke.BoundMethodHandle$Specializer (java.base@15)
 618:             1             56  java.util.ServiceLoader (java.base@15)
 619:             1             56  java.util.logging.LogManager (java.logging@15)
 620:             1             56  jdk.internal.ref.CleanerImpl$SoftCleanableRef (java.base@15)
 621:             1             56  sun.security.provider.SHA (java.base@15)
 622:             3             48  [Ljava.io.ObjectStreamClass$MemberSignature; (java.base@15)
 623:             3             48  [Ljava.lang.annotation.Annotation; (java.base@15)
 624:             1             48  [Ljava.lang.management.MemoryPoolMXBean; (java.management@15)
 625:             1             48  [Ljava.math.RoundingMode; (java.base@15)
 626:             1             48  [Ljava.util.concurrent.TimeUnit; (java.base@15)
 627:             2             48  [Ljava.util.regex.Pattern$Node; (java.base@15)
 628:             1             48  [Lorg.postgresql.core.SqlCommandType;
 629:             1             48  [Lru.job4j.tracker.UserAction;
 630:             1             48  [Lsun.management.counter.Units; (java.management@15)
 631:             2             48  com.sun.jmx.mbeanserver.ClassLoaderRepositorySupport$LoaderEntry (java.management@15)
 632:             1             48  com.sun.jmx.mbeanserver.DefaultMXBeanMappingFactory$Mappings (java.management@15)
 633:             1             48  com.sun.jmx.mbeanserver.MBeanIntrospector$MBeanInfoMap (java.management@15)
 634:             1             48  com.sun.jmx.mbeanserver.MBeanIntrospector$PerInterfaceMap (java.management@15)
 635:             2             48  com.sun.jmx.mbeanserver.WeakIdentityHashMap (java.management@15)
 636:             3             48  com.sun.proxy.$Proxy1
 637:             1             48  java.io.BufferedReader (java.base@15)
 638:             2             48  java.io.File$PathStatus (java.base@15)
 639:             2             48  java.io.InputStreamReader (java.base@15)
 640:             1             48  java.lang.NullPointerException (java.base@15)
 641:             1             48  java.lang.invoke.BoundMethodHandle$Specializer$Factory (java.base@15)
 642:             2             48  java.lang.invoke.MethodHandles$Lookup$ClassOption (java.base@15)
 643:             2             48  java.lang.management.MemoryType (java.management@15)
 644:             2             48  java.lang.reflect.ReflectPermission (java.base@15)
 645:             2             48  java.net.StandardProtocolFamily (java.base@15)
 646:             3             48  java.nio.charset.CodingErrorAction (java.base@15)
 647:             2             48  java.rmi.dgc.VMID (java.rmi@15)
 648:             2             48  java.time.chrono.IsoEra (java.base@15)
 649:             2             48  java.util.LinkedList$Node (java.base@15)
 650:             3             48  java.util.Optional (java.base@15)
 651:             3             48  java.util.ResourceBundle$NoFallbackControl (java.base@15)
 652:             2             48  java.util.concurrent.ConcurrentHashMap$KeySetView (java.base@15)
 653:             1             48  java.util.concurrent.ConcurrentSkipListMap (java.base@15)
 654:             2             48  java.util.concurrent.ConcurrentSkipListMap$Index (java.base@15)
 655:             2             48  java.util.concurrent.ConcurrentSkipListMap$Node (java.base@15)
 656:             1             48  java.util.concurrent.locks.ReentrantReadWriteLock$FairSync (java.base@15)
 657:             2             48  java.util.logging.Logger$LoggerBundle (java.logging@15)
 658:             2             48  java.util.logging.LoggingPermission (java.logging@15)
 659:             2             48  java.util.regex.Pattern$BmpCharPredicate$$Lambda$75/0x0000000800babb98 (java.base@15)
 660:             2             48  javax.management.NotificationBroadcasterSupport (java.management@15)
 661:             1             48  javax.management.remote.rmi.RMIConnectionImpl$RMIServerCommunicatorAdmin (java.management.rmi@15)
 662:             1             48  jdk.internal.icu.util.CodePointTrie$Fast16 (java.base@15)
 663:             2             48  jdk.internal.icu.util.CodePointTrie$Type (java.base@15)
 664:             1             48  jdk.internal.jimage.ImageHeader (java.base@15)
 665:             2             48  jdk.internal.misc.Signal (java.base@15)
 666:             2             48  jdk.internal.misc.Signal$NativeHandler (java.base@15)
 667:             3             48  jdk.internal.module.ServicesCatalog (java.base@15)
 668:             1             48  jdk.internal.ref.CleanerImpl$WeakCleanableRef (java.base@15)
 669:             3             48  jdk.internal.reflect.ClassDefiner$1 (java.base@15)
 670:             3             48  jdk.internal.reflect.Label (java.base@15)
 671:             1             48  jdk.management.jfr.FlightRecorderMXBeanImpl (jdk.management.jfr@15)
 672:             1             48  org.postgresql.jdbc.TimestampUtils
 673:             2             48  sun.nio.fs.NativeBuffer$Deallocator (java.base@15)
 674:             1             48  sun.rmi.runtime.Log$InternalStreamHandler (java.rmi@15)
 675:             2             48  sun.rmi.transport.ObjectEndpoint (java.rmi@15)
 676:             2             48  sun.security.jca.ProviderList (java.base@15)
 677:             2             48  sun.security.jca.ProviderList$3 (java.base@15)
 678:             2             48  sun.security.provider.DRBG (java.base@15)
 679:             2             48  sun.util.locale.provider.LocaleServiceProviderPool (java.base@15)
 680:             2             40  [Lcom.sun.jmx.mbeanserver.ClassLoaderRepositorySupport$LoaderEntry; (java.management@15)
 681:             1             40  [Ljava.lang.Thread$State; (java.base@15)
 682:             1             40  [Ljava.lang.invoke.VarHandle$AccessType; (java.base@15)
 683:             2             40  [Ljava.net.URL; (java.base@15)
 684:             1             40  [Ljava.util.stream.StreamOpFlag; (java.base@15)
 685:             1             40  [Lsun.nio.fs.WindowsPathType; (java.base@15)
 686:             1             40  [Lsun.util.locale.provider.LocaleProviderAdapter$Type; (java.base@15)
 687:             1             40  [[Ljava.lang.invoke.LambdaForm$Name; (java.base@15)
 688:             1             40  com.sun.jmx.interceptor.DefaultMBeanServerInterceptor (java.management@15)
 689:             1             40  com.sun.jmx.mbeanserver.JmxMBeanServer (java.management@15)
 690:             1             40  com.sun.jmx.mbeanserver.MBeanServerDelegateImpl (java.management@15)
 691:             1             40  com.sun.management.internal.DiagnosticCommandImpl (jdk.management@15)
 692:             1             40  java.io.FilePermission (java.base@15)
 693:             1             40  java.io.IOException (java.base@15)
 694:             1             40  java.io.ObjectOutputStream$BlockDataOutputStream (java.base@15)
 695:             1             40  java.lang.ArithmeticException (java.base@15)
 696:             1             40  java.lang.Exception (java.base@15)
 697:             1             40  java.lang.NoSuchMethodError (java.base@15)
 698:             1             40  java.lang.invoke.BoundMethodHandle$Species_LLL (java.base@15)
 699:             1             40  java.lang.invoke.MethodHandleImpl$IntrinsicMethodHandle (java.base@15)
 700:             1             40  java.lang.ref.Finalizer (java.base@15)
 701:             1             40  java.net.InetAddress$CachedAddresses (java.base@15)
 702:             1             40  java.rmi.NoSuchObjectException (java.rmi@15)
 703:             1             40  java.util.ResourceBundle$2 (java.base@15)
 704:             1             40  java.util.ServiceLoader$LazyClassPathLookupIterator (java.base@15)
 705:             1             40  javax.crypto.CryptoAllPermission (java.base@15)
 706:             1             40  javax.management.remote.rmi.RMIConnectionImpl$4 (java.management.rmi@15)
 707:             1             40  jdk.internal.loader.URLClassPath (java.base@15)
 708:             1             40  jdk.internal.ref.CleanerImpl$CleanerCleanable (java.base@15)
 709:             1             40  org.postgresql.core.v3.SimpleParameterList
 710:             1             40  sun.management.MappedMXBeanType$CompositeDataMXBeanType (java.management@15)
 711:             1             40  sun.management.MappedMXBeanType$MapMXBeanType (java.management@15)
 712:             1             40  sun.nio.cs.StandardCharsets$Aliases (java.base@15)
 713:             1             40  sun.nio.cs.StandardCharsets$Cache (java.base@15)
 714:             1             40  sun.nio.cs.StandardCharsets$Classes (java.base@15)
 715:             1             40  sun.nio.cs.US_ASCII$Decoder (java.base@15)
 716:             1             40  sun.rmi.server.UnicastServerRef (java.rmi@15)
 717:             1             40  sun.util.locale.InternalLocaleBuilder (java.base@15)
 718:             1             40  sun.util.resources.Bundles$1 (java.base@15)
 719:             1             32  [Ljava.io.ObjectInputFilter$Status; (java.base@15)
 720:             1             32  [Ljava.lang.OutOfMemoryError; (java.base@15)
 721:             1             32  [Ljava.lang.ThreadGroup; (java.base@15)
 722:             1             32  [Ljava.lang.management.MemoryManagerMXBean; (java.management@15)
 723:             1             32  [Ljava.lang.module.ModuleDescriptor$Modifier; (java.base@15)
 724:             1             32  [Ljava.lang.module.ModuleDescriptor$Requires$Modifier; (java.base@15)
 725:             1             32  [Ljava.net.Proxy$Type; (java.base@15)
 726:             1             32  [Ljava.nio.file.AccessMode; (java.base@15)
 727:             1             32  [Ljava.security.DrbgParameters$Capability; (java.base@15)
 728:             1             32  [Ljava.text.Normalizer$Form; (java.base@15)
 729:             1             32  [Ljava.util.regex.Pattern$Qtype; (java.base@15)
 730:             1             32  [Ljava.util.stream.StreamShape; (java.base@15)
 731:             1             32  [Ljdk.internal.icu.util.CodePointTrie$ValueWidth; (java.base@15)
 732:             1             32  [Ljdk.internal.logger.BootstrapLogger$LoggingBackend; (java.base@15)
 733:             1             32  [Ljdk.internal.module.IllegalAccessLogger$Mode; (java.base@15)
 734:             1             32  [Lorg.postgresql.core.JavaVersion;
 735:             1             32  [Lorg.postgresql.core.TransactionState;
 736:             1             32  [Lorg.postgresql.hostchooser.HostStatus;
 737:             1             32  [Lorg.postgresql.jdbc.EscapeSyntaxCallMode;
 738:             1             32  [Lorg.postgresql.jdbc.PreferQueryMode;
 739:             1             32  [Lorg.postgresql.shaded.com.ongres.scram.client.ScramClient$ChannelBinding;
 740:             1             32  [Lorg.postgresql.shaded.com.ongres.scram.common.ScramMechanisms;
 741:             1             32  [Lorg.postgresql.shaded.com.ongres.scram.common.gssapi.Gs2Attributes;
 742:             1             32  [Lorg.postgresql.shaded.com.ongres.scram.common.gssapi.Gs2CbindFlag;
 743:             1             32  [Lsun.nio.fs.NativeBuffer; (java.base@15)
 744:             1             32  com.sun.jmx.mbeanserver.Repository (java.management@15)
 745:             1             32  com.sun.jmx.remote.internal.ArrayQueue (java.management@15)
 746:             2             32  com.sun.management.internal.GarbageCollectionNotifInfoCompositeData$1 (jdk.management@15)
 747:             2             32  com.sun.management.internal.GcInfoCompositeData$1 (jdk.management@15)
 748:             2             32  com.sun.management.internal.GcInfoCompositeData$2 (jdk.management@15)
 749:             1             32  java.io.FileInputStream (java.base@15)
 750:             1             32  java.io.ObjectInputStream$HandleTable (java.base@15)
 751:             1             32  java.io.ObjectInputStream$PeekInputStream (java.base@15)
 752:             1             32  java.io.WinNTFileSystem (java.base@15)
 753:             2             32  java.lang.Boolean (java.base@15)
 754:             2             32  java.lang.InheritableThreadLocal (java.base@15)
 755:             2             32  java.lang.Shutdown$Lock (java.base@15)
 756:             1             32  java.lang.invoke.MethodHandleNatives$CallSiteContext (java.base@15)
 757:             1             32  java.lang.invoke.VarHandleLongs$FieldInstanceReadWrite (java.base@15)
 758:             1             32  java.lang.module.ModuleDescriptor$Version (java.base@15)
 759:             1             32  java.net.InetAddress$CachedLocalHost (java.base@15)
 760:             2             32  java.nio.ByteOrder (java.base@15)
 761:             2             32  java.security.AllPermissionCollection (java.base@15)
 762:             2             32  java.util.LinkedHashSet (java.base@15)
 763:             2             32  java.util.ResourceBundle$SingleFormatControl (java.base@15)
 764:             1             32  java.util.ServiceLoader$ModuleServicesLookupIterator (java.base@15)
 765:             2             32  java.util.TreeSet (java.base@15)
 766:             1             32  java.util.concurrent.ScheduledThreadPoolExecutor$DelayedWorkQueue (java.base@15)
 767:             1             32  java.util.concurrent.SynchronousQueue (java.base@15)
 768:             1             32  java.util.concurrent.ThreadLocalRandom (java.base@15)
 769:             1             32  java.util.concurrent.atomic.LongAdder (java.base@15)
 770:             1             32  java.util.concurrent.locks.AbstractQueuedSynchronizer$ConditionNode (java.base@15)
 771:             1             32  java.util.logging.LogManager$SystemLoggerContext (java.logging@15)
 772:             2             32  java.util.regex.Pattern$$Lambda$70/0x0000000800b9f598 (java.base@15)
 773:             2             32  java.util.regex.Pattern$BranchConn (java.base@15)
 774:             1             32  java.util.zip.ZipCoder$UTF8ZipCoder (java.base@15)
 775:             1             32  javax.management.remote.JMXServiceURL (java.management@15)
 776:             1             32  jdk.internal.module.IllegalAccessLogger (java.base@15)
 777:             2             32  jdk.internal.module.ModuleResolution (java.base@15)
 778:             1             32  jdk.internal.ref.CleanerImpl (java.base@15)
 779:             1             32  jdk.internal.reflect.UnsafeQualifiedStaticObjectFieldAccessorImpl (java.base@15)
 780:             1             32  jdk.management.jfr.FlightRecorderMXBeanImpl$MXBeanListener (jdk.management.jfr@15)
 781:             1             32  jdk.net.ExtendedSocketOptions$1 (jdk.net@15)
 782:             1             32  org.postgresql.core.ByteOptimizedUTF8Encoder
 783:             1             32  org.postgresql.core.CommandCompleteParser
 784:             1             32  org.postgresql.core.PGStream$1
 785:             1             32  org.postgresql.core.VisibleBufferedInputStream
 786:             1             32  org.postgresql.core.v3.Portal
 787:             1             32  org.postgresql.hostchooser.GlobalHostStatusTracker$HostSpecStatus
 788:             1             32  sun.instrument.InstrumentationImpl (java.instrument@15)
 789:             1             32  sun.management.MappedMXBeanType$InProgress (java.management@15)
 790:             1             32  sun.management.jmxremote.LocalRMIServerSocketFactory$1 (jdk.management.agent@15)
 791:             2             32  sun.rmi.server.UnicastRef2 (java.rmi@15)
 792:             2             32  sun.rmi.server.WeakClassHashMap$ValueCell (java.rmi@15)
 793:             1             32  sun.rmi.transport.DGCImpl$LeaseInfo (java.rmi@15)
 794:             1             32  sun.rmi.transport.tcp.TCPTransport$AcceptLoop (java.rmi@15)
 795:             2             32  sun.rmi.transport.tcp.TCPTransport$ConnectionHandler$$Lambda$122/0x0000000800c33cb0 (java.rmi@15)
 796:             1             32  sun.security.util.KnownOIDs$1 (java.base@15)
 797:             1             32  sun.security.util.KnownOIDs$10 (java.base@15)
 798:             1             32  sun.security.util.KnownOIDs$2 (java.base@15)
 799:             1             32  sun.security.util.KnownOIDs$3 (java.base@15)
 800:             1             32  sun.security.util.KnownOIDs$4 (java.base@15)
 801:             1             32  sun.security.util.KnownOIDs$5 (java.base@15)
 802:             1             32  sun.security.util.KnownOIDs$6 (java.base@15)
 803:             1             32  sun.security.util.KnownOIDs$7 (java.base@15)
 804:             1             32  sun.security.util.KnownOIDs$8 (java.base@15)
 805:             1             32  sun.security.util.KnownOIDs$9 (java.base@15)
 806:             2             32  sun.util.resources.LocaleData (java.base@15)
 807:             1             24  [Ljava.io.File$PathStatus; (java.base@15)
 808:             1             24  [Ljava.lang.ClassValue$Entry; (java.base@15)
 809:             1             24  [Ljava.lang.invoke.MethodHandles$Lookup$ClassOption; (java.base@15)
 810:             1             24  [Ljava.lang.management.MemoryType; (java.management@15)
 811:             1             24  [Ljava.net.InetAddress; (java.base@15)
 812:             1             24  [Ljava.net.InetSocketAddress; (java.base@15)
 813:             1             24  [Ljava.net.StandardProtocolFamily; (java.base@15)
 814:             1             24  [Ljava.security.Permission; (java.base@15)
 815:             1             24  [Ljava.time.chrono.IsoEra; (java.base@15)
 816:             1             24  [Ljava.util.Locale$Category; (java.base@15)
 817:             1             24  [Ljava.util.jar.Manifest; (java.base@15)
 818:             1             24  [Ljdk.internal.icu.util.CodePointTrie$Type; (java.base@15)
 819:             1             24  [Lorg.postgresql.shaded.com.ongres.scram.common.stringprep.StringPreparations;
 820:             1             24  com.sun.jmx.mbeanserver.ClassLoaderRepositorySupport (java.management@15)
 821:             1             24  com.sun.jmx.mbeanserver.MXBeanLookup (java.management@15)
 822:             1             24  com.sun.jmx.remote.internal.ArrayNotificationBuffer$ShareBuffer (java.management@15)
 823:             1             24  com.sun.management.internal.HotSpotThreadImpl (jdk.management@15)
 824:             1             24  com.sun.management.internal.OperatingSystemImpl (jdk.management@15)
 825:             1             24  com.sun.management.internal.PlatformMBeanProviderImpl$1 (jdk.management@15)
 826:             1             24  com.sun.management.internal.PlatformMBeanProviderImpl$2 (jdk.management@15)
 827:             1             24  com.sun.management.internal.PlatformMBeanProviderImpl$3 (jdk.management@15)
 828:             1             24  com.sun.management.internal.PlatformMBeanProviderImpl$4 (jdk.management@15)
 829:             1             24  com.sun.management.internal.PlatformMBeanProviderImpl$5 (jdk.management@15)
 830:             1             24  java.io.ByteArrayOutputStream (java.base@15)
 831:             1             24  java.io.ObjectOutputStream$ReplaceTable (java.base@15)
 832:             1             24  java.io.ObjectStreamClass$ExceptionInfo (java.base@15)
 833:             1             24  java.io.SerialCallbackContext (java.base@15)
 834:             1             24  java.lang.ClassValue$Version (java.base@15)
 835:             1             24  java.lang.Double (java.base@15)
 836:             1             24  java.lang.StringCoding$Result (java.base@15)
 837:             1             24  java.lang.invoke.ConstantCallSite (java.base@15)
 838:             1             24  java.lang.invoke.MethodType$ConcurrentWeakInternSet (java.base@15)
 839:             1             24  java.lang.invoke.VarHandles$1 (java.base@15)
 840:             1             24  java.lang.management.DefaultPlatformMBeanProvider$1 (java.management@15)
 841:             1             24  java.lang.management.DefaultPlatformMBeanProvider$10 (java.management@15)
 842:             1             24  java.lang.management.DefaultPlatformMBeanProvider$11 (java.management@15)
 843:             1             24  java.lang.management.DefaultPlatformMBeanProvider$2 (java.management@15)
 844:             1             24  java.lang.management.DefaultPlatformMBeanProvider$3 (java.management@15)
 845:             1             24  java.lang.management.DefaultPlatformMBeanProvider$4 (java.management@15)
 846:             1             24  java.lang.management.DefaultPlatformMBeanProvider$5 (java.management@15)
 847:             1             24  java.lang.management.DefaultPlatformMBeanProvider$6 (java.management@15)
 848:             1             24  java.lang.management.DefaultPlatformMBeanProvider$7 (java.management@15)
 849:             1             24  java.lang.management.DefaultPlatformMBeanProvider$8 (java.management@15)
 850:             1             24  java.lang.management.DefaultPlatformMBeanProvider$9 (java.management@15)
 851:             1             24  java.net.Inet6AddressImpl (java.base@15)
 852:             1             24  java.net.Proxy (java.base@15)
 853:             1             24  java.net.SocketPermissionCollection (java.base@15)
 854:             1             24  java.sql.DriverInfo (java.sql@15)
 855:             1             24  java.util.Collections$EmptyMap (java.base@15)
 856:             1             24  java.util.Collections$SynchronizedCollection (java.base@15)
 857:             1             24  java.util.Locale$Cache (java.base@15)
 858:             1             24  java.util.OptionalInt (java.base@15)
 859:             1             24  java.util.ResourceBundle$Control$CandidateListCache (java.base@15)
 860:             1             24  java.util.Scanner$PatternLRUCache (java.base@15)
 861:             1             24  java.util.ServiceLoader$2 (java.base@15)
 862:             1             24  java.util.concurrent.CopyOnWriteArrayList$COWIterator (java.base@15)
 863:             1             24  java.util.concurrent.Executors$RunnableAdapter (java.base@15)
 864:             1             24  java.util.concurrent.locks.ReentrantReadWriteLock (java.base@15)
 865:             1             24  java.util.concurrent.locks.ReentrantReadWriteLock$Sync$HoldCounter (java.base@15)
 866:             1             24  java.util.logging.LogManager$LoggerContext (java.logging@15)
 867:             1             24  java.util.regex.Pattern$$Lambda$18/0x0000000800b5fe50 (java.base@15)
 868:             1             24  java.util.regex.Pattern$BmpCharProperty (java.base@15)
 869:             1             24  java.util.regex.Pattern$CharPredicate$$Lambda$21/0x0000000800b625c8 (java.base@15)
 870:             1             24  java.util.regex.Pattern$CharProperty (java.base@15)
 871:             1             24  java.util.regex.Pattern$Dollar (java.base@15)
 872:             1             24  java.util.regex.Pattern$GroupHead (java.base@15)
 873:             1             24  java.util.regex.Pattern$GroupTail (java.base@15)
 874:             1             24  java.util.regex.Pattern$Slice (java.base@15)
 875:             1             24  javax.crypto.CryptoPermissions (java.base@15)
 876:             1             24  jdk.internal.icu.impl.Norm2AllModes (java.base@15)
 877:             1             24  jdk.internal.icu.impl.Norm2AllModes$ComposeNormalizer2 (java.base@15)
 878:             1             24  jdk.internal.icu.impl.Norm2AllModes$Norm2AllModesSingleton (java.base@15)
 879:             1             24  jdk.internal.jimage.ImageReader (java.base@15)
 880:             1             24  jdk.internal.loader.URLClassPath$FileLoader (java.base@15)
 881:             1             24  jdk.internal.logger.BootstrapLogger$RedirectedLoggers (java.base@15)
 882:             1             24  jdk.internal.module.ModuleBootstrap$SafeModuleFinder (java.base@15)
 883:             1             24  jdk.internal.module.ModuleHashes (java.base@15)
 884:             1             24  jdk.jfr.FlightRecorderPermission (jdk.jfr@15)
 885:             1             24  jdk.jfr.internal.SecuritySupport$SecureRecorderListener (jdk.jfr@15)
 886:             1             24  jdk.management.jfr.StreamManager (jdk.management.jfr@15)
 887:             1             24  jdk.management.jfr.internal.FlightRecorderMXBeanProvider$SingleMBeanComponent (jdk.management.jfr@15)
 888:             1             24  org.postgresql.core.Encoding
 889:             1             24  org.postgresql.core.v3.replication.V3ReplicationProtocol
 890:             1             24  org.postgresql.hostchooser.HostRequirement$1
 891:             1             24  org.postgresql.hostchooser.HostRequirement$2
 892:             1             24  org.postgresql.hostchooser.HostRequirement$3
 893:             1             24  org.postgresql.hostchooser.HostRequirement$4
 894:             1             24  org.postgresql.hostchooser.HostRequirement$5
 895:             1             24  org.postgresql.shaded.com.ongres.scram.common.bouncycastle.base64.Base64Encoder
 896:             1             24  org.postgresql.shaded.com.ongres.scram.common.stringprep.StringPreparations$1
 897:             1             24  org.postgresql.shaded.com.ongres.scram.common.stringprep.StringPreparations$2
 898:             1             24  org.postgresql.util.HostSpec
 899:             1             24  org.postgresql.util.SharedTimer
 900:             1             24  ru.job4j.tracker.ValidateInput
 901:             1             24  sun.instrument.TransformerManager (java.instrument@15)
 902:             1             24  sun.management.CompilationImpl (java.management@15)
 903:             1             24  sun.management.ManagementFactoryHelper$LoggingMXBeanAccess (java.management@15)
 904:             1             24  sun.management.ManagementFactoryHelper$PlatformLoggingImpl (java.management@15)
 905:             1             24  sun.management.MemoryImpl (java.management@15)
 906:             1             24  sun.management.RuntimeImpl (java.management@15)
 907:             1             24  sun.management.VMManagementImpl (java.management@15)
 908:             1             24  sun.net.ProgressMonitor (java.base@15)
 909:             1             24  sun.net.www.protocol.http.Handler (java.base@15)
 910:             1             24  sun.nio.cs.ISO_8859_1 (java.base@15)
 911:             1             24  sun.nio.cs.MS1251 (java.base@15)
 912:             1             24  sun.nio.cs.StandardCharsets (java.base@15)
 913:             1             24  sun.nio.cs.ThreadLocalCoders$1 (java.base@15)
 914:             1             24  sun.nio.cs.ThreadLocalCoders$2 (java.base@15)
 915:             1             24  sun.nio.cs.US_ASCII (java.base@15)
 916:             1             24  sun.nio.cs.UTF_16 (java.base@15)
 917:             1             24  sun.nio.cs.UTF_16BE (java.base@15)
 918:             1             24  sun.nio.cs.UTF_16LE (java.base@15)
 919:             1             24  sun.nio.cs.UTF_8 (java.base@15)
 920:             1             24  sun.nio.fs.WindowsFileSystem (java.base@15)
 921:             1             24  sun.nio.fs.WindowsSecurityDescriptor (java.base@15)
 922:             1             24  sun.reflect.generics.tree.Wildcard (java.base@15)
 923:             1             24  sun.rmi.runtime.RuntimeUtil$1 (java.rmi@15)
 924:             1             24  sun.rmi.transport.DGCImpl (java.rmi@15)
 925:             1             24  sun.rmi.transport.SequenceEntry (java.rmi@15)
 926:             1             24  sun.security.jca.GetInstance$Instance (java.base@15)
 927:             1             24  sun.util.cldr.CLDRCalendarDataProviderImpl (java.base@15)
 928:             1             24  sun.util.cldr.CLDRTimeZoneNameProviderImpl (java.base@15)
 929:             1             24  sun.util.locale.BaseLocale$Cache (java.base@15)
 930:             1             24  sun.util.locale.provider.DecimalFormatSymbolsProviderImpl (java.base@15)
 931:             1             24  sun.util.locale.provider.NumberFormatProviderImpl (java.base@15)
 932:             1             24  sun.util.locale.provider.TimeZoneNameProviderImpl (java.base@15)
 933:             1             16  [Ljava.lang.Throwable; (java.base@15)
 934:             1             16  [Ljava.lang.constant.ClassDesc; (java.base@15)
 935:             1             16  [Ljava.lang.management.LockInfo; (java.management@15)
 936:             1             16  [Ljava.lang.management.MonitorInfo; (java.management@15)
 937:             1             16  [Ljava.nio.file.attribute.FileAttribute; (java.base@15)
 938:             1             16  [Ljava.security.Provider; (java.base@15)
 939:             1             16  [Ljava.security.cert.Certificate; (java.base@15)
 940:             1             16  [Ljava.text.FieldPosition; (java.base@15)
 941:             1             16  [Ljava.util.logging.Handler; (java.logging@15)
 942:             1             16  [Ljava.util.regex.IntHashSet; (java.base@15)
 943:             1             16  [Lorg.postgresql.core.Field;
 944:             1             16  [Lsun.instrument.TransformerManager$TransformerInfo; (java.instrument@15)
 945:             1             16  com.sun.jmx.interceptor.DefaultMBeanServerInterceptor$ResourceContext$1 (java.management@15)
 946:             1             16  com.sun.jmx.mbeanserver.DefaultMXBeanMappingFactory (java.management@15)
 947:             1             16  com.sun.jmx.mbeanserver.DescriptorCache (java.management@15)
 948:             1             16  com.sun.jmx.mbeanserver.MBeanAnalyzer$MethodOrder (java.management@15)
 949:             1             16  com.sun.jmx.mbeanserver.MBeanInstantiator (java.management@15)
 950:             1             16  com.sun.jmx.mbeanserver.MXBeanIntrospector (java.management@15)
 951:             1             16  com.sun.jmx.mbeanserver.SecureClassLoaderRepository (java.management@15)
 952:             1             16  com.sun.jmx.remote.internal.ArrayNotificationBuffer$5 (java.management@15)
 953:             1             16  com.sun.jmx.remote.internal.ArrayNotificationBuffer$BroadcasterQuery (java.management@15)
 954:             1             16  com.sun.jmx.remote.internal.ArrayNotificationBuffer$BufferListener (java.management@15)
 955:             1             16  com.sun.jmx.remote.internal.ServerNotifForwarder$NotifForwarderBufferFilter (java.management@15)
 956:             1             16  com.sun.jmx.remote.security.SubjectDelegator (java.management@15)
 957:             1             16  com.sun.management.internal.HotSpotDiagnostic (jdk.management@15)
 958:             1             16  com.sun.management.internal.PlatformMBeanProviderImpl (jdk.management@15)
 959:             1             16  com.sun.management.internal.PlatformMBeanProviderImpl$$Lambda$47/0x0000000800b7c7b8 (jdk.management@15)
 960:             1             16  java.io.FileDescriptor$1 (java.base@15)
 961:             1             16  java.io.FilePermission$1 (java.base@15)
 962:             1             16  java.io.ObjectInputFilter$Config$$Lambda$95/0x0000000800c1b6b0 (java.base@15)
 963:             1             16  java.io.ObjectInputFilter$Config$$Lambda$96/0x0000000800c1bac0 (java.base@15)
 964:             1             16  java.io.ObjectInputFilter$Config$Global$$Lambda$97/0x0000000800c1c138 (java.base@15)
 965:             1             16  java.io.ObjectInputFilter$Config$Global$$Lambda$98/0x0000000800c1c378 (java.base@15)
 966:             1             16  java.io.ObjectInputStream$$Lambda$126/0x0000000800c35de8 (java.base@15)
 967:             1             16  java.io.ObjectInputStream$$Lambda$127/0x0000000800c361f8 (java.base@15)
 968:             1             16  java.io.ObjectInputStream$ValidationList (java.base@15)
 969:             1             16  java.io.ObjectStreamClass$1 (java.base@15)
 970:             1             16  java.io.ObjectStreamClass$3 (java.base@15)
 971:             1             16  java.io.ObjectStreamClass$4 (java.base@15)
 972:             1             16  java.io.ObjectStreamClass$5 (java.base@15)
 973:             1             16  java.io.RandomAccessFile$2 (java.base@15)
 974:             1             16  java.lang.ApplicationShutdownHooks$1 (java.base@15)
 975:             1             16  java.lang.CharacterData00 (java.base@15)
 976:             1             16  java.lang.CharacterDataLatin1 (java.base@15)
 977:             1             16  java.lang.Class$$Lambda$88/0x0000000800c171f8 (java.base@15)
 978:             1             16  java.lang.ClassValue$Identity (java.base@15)
 979:             1             16  java.lang.Float (java.base@15)
 980:             1             16  java.lang.Module$$Lambda$135/0x0000000800c53010 (java.base@15)
 981:             1             16  java.lang.Runtime (java.base@15)
 982:             1             16  java.lang.String$CaseInsensitiveComparator (java.base@15)
 983:             1             16  java.lang.StringCoding$1 (java.base@15)
 984:             1             16  java.lang.System$2 (java.base@15)
 985:             1             16  java.lang.System$LoggerFinder$$Lambda$79/0x0000000800baf0b8 (java.base@15)
 986:             1             16  java.lang.Terminator$1 (java.base@15)
 987:             1             16  java.lang.invoke.ClassSpecializer$1 (java.base@15)
 988:             1             16  java.lang.invoke.MemberName$Factory (java.base@15)
 989:             1             16  java.lang.invoke.MethodHandleImpl$1 (java.base@15)
 990:             1             16  java.lang.invoke.StringConcatFactory$1 (java.base@15)
 991:             1             16  java.lang.invoke.StringConcatFactory$2 (java.base@15)
 992:             1             16  java.lang.invoke.StringConcatFactory$3 (java.base@15)
 993:             1             16  java.lang.invoke.VarHandle$1 (java.base@15)
 994:             1             16  java.lang.management.DefaultPlatformMBeanProvider (java.management@15)
 995:             1             16  java.lang.management.DefaultPlatformMBeanProvider$5$$Lambda$85/0x0000000800c03058 (java.management@15)
 996:             1             16  java.lang.management.ManagementFactory$$Lambda$44/0x0000000800b7af28 (java.management@15)
 997:             1             16  java.lang.management.ManagementFactory$$Lambda$80/0x0000000800bf2ad0 (java.management@15)
 998:             1             16  java.lang.management.ManagementFactory$$Lambda$81/0x0000000800bf2d18 (java.management@15)
 999:             1             16  java.lang.management.ManagementFactory$$Lambda$82/0x0000000800bf2f50 (java.management@15)
1000:             1             16  java.lang.management.ManagementFactory$PlatformMBeanFinder$$Lambda$45/0x0000000800b7b730 (java.management@15)
1001:             1             16  java.lang.management.ManagementFactory$PlatformMBeanFinder$$Lambda$48/0x0000000800b81160 (java.management@15)
1002:             1             16  java.lang.management.ManagementFactory$PlatformMBeanFinder$$Lambda$49/0x0000000800b81398 (java.management@15)
1003:             1             16  java.lang.management.ManagementFactory$PlatformMBeanFinder$$Lambda$51/0x0000000800b81808 (java.management@15)
1004:             1             16  java.lang.management.ManagementFactory$PlatformMBeanFinder$$Lambda$55/0x0000000800b827d0 (java.management@15)
1005:             1             16  java.lang.management.ManagementFactory$PlatformMBeanFinder$$Lambda$56/0x0000000800b82a08 (java.management@15)
1006:             1             16  java.lang.module.ModuleDescriptor$1 (java.base@15)
1007:             1             16  java.lang.ref.Cleaner (java.base@15)
1008:             1             16  java.lang.ref.Cleaner$1 (java.base@15)
1009:             1             16  java.lang.ref.Reference$1 (java.base@15)
1010:             1             16  java.lang.reflect.Proxy$$Lambda$40/0x0000000800b74730 (java.base@15)
1011:             1             16  java.lang.reflect.ProxyGenerator$$Lambda$42/0x0000000800b76180 (java.base@15)
1012:             1             16  java.lang.reflect.ProxyGenerator$$Lambda$43/0x0000000800b763b8 (java.base@15)
1013:             1             16  java.lang.reflect.ReflectAccess (java.base@15)
1014:             1             16  java.net.InetAddress$1 (java.base@15)
1015:             1             16  java.net.InetAddress$PlatformNameService (java.base@15)
1016:             1             16  java.net.SocketImpl$$Lambda$14/0x0000000800b5b528 (java.base@15)
1017:             1             16  java.net.URI$1 (java.base@15)
1018:             1             16  java.net.URL$3 (java.base@15)
1019:             1             16  java.net.URL$DefaultFactory (java.base@15)
1020:             1             16  java.nio.Bits$1 (java.base@15)
1021:             1             16  java.nio.Buffer$1 (java.base@15)
1022:             1             16  java.nio.file.Files$AcceptAllFilter (java.base@15)
1023:             1             16  java.rmi.server.ObjID$$Lambda$107/0x0000000800c221e0 (java.rmi@15)
1024:             1             16  java.rmi.server.RMIClassLoader$2 (java.rmi@15)
1025:             1             16  java.security.AllPermission (java.base@15)
1026:             1             16  java.security.ProtectionDomain$JavaSecurityAccessImpl (java.base@15)
1027:             1             16  java.text.DecimalFormatSymbols$$Lambda$30/0x0000000800b66d80 (java.base@15)
1028:             1             16  java.util.Collections$EmptyEnumeration (java.base@15)
1029:             1             16  java.util.Collections$EmptyIterator (java.base@15)
1030:             1             16  java.util.Collections$EmptyList (java.base@15)
1031:             1             16  java.util.Collections$EmptySet (java.base@15)
1032:             1             16  java.util.Collections$UnmodifiableCollection (java.base@15)
1033:             1             16  java.util.EnumMap$1 (java.base@15)
1034:             1             16  java.util.IdentityHashMap$Values (java.base@15)
1035:             1             16  java.util.Locale$Builder (java.base@15)
1036:             1             16  java.util.ResourceBundle$1 (java.base@15)
1037:             1             16  java.util.ResourceBundle$Control (java.base@15)
1038:             1             16  java.util.Spliterators$EmptySpliterator$OfDouble (java.base@15)
1039:             1             16  java.util.Spliterators$EmptySpliterator$OfInt (java.base@15)
1040:             1             16  java.util.Spliterators$EmptySpliterator$OfLong (java.base@15)
1041:             1             16  java.util.Spliterators$EmptySpliterator$OfRef (java.base@15)
1042:             1             16  java.util.concurrent.ConcurrentSkipListMap$KeySet (java.base@15)
1043:             1             16  java.util.concurrent.ConcurrentSkipListSet (java.base@15)
1044:             1             16  java.util.concurrent.SynchronousQueue$TransferStack (java.base@15)
1045:             1             16  java.util.concurrent.ThreadPoolExecutor$AbortPolicy (java.base@15)
1046:             1             16  java.util.concurrent.atomic.AtomicBoolean (java.base@15)
1047:             1             16  java.util.concurrent.locks.ReentrantReadWriteLock$ReadLock (java.base@15)
1048:             1             16  java.util.concurrent.locks.ReentrantReadWriteLock$Sync$ThreadLocalHoldCounter (java.base@15)
1049:             1             16  java.util.concurrent.locks.ReentrantReadWriteLock$WriteLock (java.base@15)
1050:             1             16  java.util.function.Function$$Lambda$50/0x0000000800b815d0 (java.base@15)
1051:             1             16  java.util.jar.JavaUtilJarAccessImpl (java.base@15)
1052:             1             16  java.util.logging.ErrorManager (java.logging@15)
1053:             1             16  java.util.logging.Level$$Lambda$37/0x0000000800b6c128 (java.logging@15)
1054:             1             16  java.util.logging.Level$KnownLevel$$Lambda$35/0x0000000800b6b328 (java.logging@15)
1055:             1             16  java.util.logging.Level$KnownLevel$$Lambda$36/0x0000000800b6b560 (java.logging@15)
1056:             1             16  java.util.logging.Level$KnownLevel$$Lambda$38/0x0000000800b6c360 (java.logging@15)
1057:             1             16  java.util.logging.LogManager$LoggingProviderAccess (java.logging@15)
1058:             1             16  java.util.logging.LogManager$VisitedLoggers (java.logging@15)
1059:             1             16  java.util.logging.Logging (java.logging@15)
1060:             1             16  java.util.logging.SimpleFormatter (java.logging@15)
1061:             1             16  java.util.logging.SimpleFormatter$$Lambda$101/0x0000000800c1f270 (java.logging@15)
1062:             1             16  java.util.regex.CharPredicates$$Lambda$15/0x0000000800b5e230 (java.base@15)
1063:             1             16  java.util.regex.CharPredicates$$Lambda$17/0x0000000800b5f9d8 (java.base@15)
1064:             1             16  java.util.regex.Pattern$$Lambda$16/0x0000000800b5f780 (java.base@15)
1065:             1             16  java.util.regex.Pattern$$Lambda$74/0x0000000800bab940 (java.base@15)
1066:             1             16  java.util.regex.Pattern$BitClass (java.base@15)
1067:             1             16  java.util.regex.Pattern$CharPredicate$$Lambda$20/0x0000000800b61b30 (java.base@15)
1068:             1             16  java.util.regex.Pattern$LastNode (java.base@15)
1069:             1             16  java.util.regex.Pattern$Node (java.base@15)
1070:             1             16  java.util.stream.Collectors$$Lambda$25/0x0000000800b65590 (java.base@15)
1071:             1             16  java.util.stream.Collectors$$Lambda$27/0x0000000800b659d8 (java.base@15)
1072:             1             16  java.util.stream.Collectors$$Lambda$5/0x0000000800b54a30 (java.base@15)
1073:             1             16  java.util.stream.Collectors$$Lambda$52/0x0000000800b81a48 (java.base@15)
1074:             1             16  java.util.stream.Collectors$$Lambda$6/0x0000000800b54c48 (java.base@15)
1075:             1             16  java.util.stream.Collectors$$Lambda$61/0x0000000800b83e10 (java.base@15)
1076:             1             16  java.util.stream.Collectors$$Lambda$62/0x0000000800b84028 (java.base@15)
1077:             1             16  java.util.stream.Collectors$$Lambda$63/0x0000000800b84250 (java.base@15)
1078:             1             16  java.util.stream.Collectors$$Lambda$7/0x0000000800b54e70 (java.base@15)
1079:             1             16  java.util.stream.Collectors$$Lambda$8/0x0000000800b550b0 (java.base@15)
1080:             1             16  java.util.stream.Collectors$$Lambda$90/0x0000000800c17650 (java.base@15)
1081:             1             16  java.util.stream.Collectors$$Lambda$91/0x0000000800c17878 (java.base@15)
1082:             1             16  java.util.stream.Collectors$$Lambda$92/0x0000000800c17ab8 (java.base@15)
1083:             1             16  java.util.stream.FindOps$FindSink$OfInt$$Lambda$31/0x0000000800b66fc8 (java.base@15)
1084:             1             16  java.util.stream.FindOps$FindSink$OfInt$$Lambda$32/0x0000000800b67210 (java.base@15)
1085:             1             16  java.util.stream.FindOps$FindSink$OfInt$$Lambda$33/0x0000000800b67428 (java.base@15)
1086:             1             16  java.util.stream.FindOps$FindSink$OfInt$$Lambda$34/0x0000000800b67670 (java.base@15)
1087:             1             16  java.util.stream.FindOps$FindSink$OfRef$$Lambda$10/0x0000000800b55530 (java.base@15)
1088:             1             16  java.util.stream.FindOps$FindSink$OfRef$$Lambda$11/0x0000000800b55778 (java.base@15)
1089:             1             16  java.util.stream.FindOps$FindSink$OfRef$$Lambda$12/0x0000000800b55990 (java.base@15)
1090:             1             16  java.util.stream.FindOps$FindSink$OfRef$$Lambda$13/0x0000000800b55bd8 (java.base@15)
1091:             1             16  java.util.stream.Nodes$EmptyNode$OfDouble (java.base@15)
1092:             1             16  java.util.stream.Nodes$EmptyNode$OfInt (java.base@15)
1093:             1             16  java.util.stream.Nodes$EmptyNode$OfLong (java.base@15)
1094:             1             16  java.util.stream.Nodes$EmptyNode$OfRef (java.base@15)
1095:             1             16  java.util.zip.ZipFile$1 (java.base@15)
1096:             1             16  javax.crypto.CryptoAllPermissionCollection (java.base@15)
1097:             1             16  javax.crypto.JceSecurity$IdentityWrapper (java.base@15)
1098:             1             16  javax.crypto.ProviderVerifier$$Lambda$71/0x0000000800ba5ed0 (java.base@15)
1099:             1             16  javax.management.JMX (java.management@15)
1100:             1             16  javax.management.MBeanServerBuilder (java.management@15)
1101:             1             16  javax.management.NotificationBroadcasterSupport$1 (java.management@15)
1102:             1             16  javax.management.NotificationFilterSupport (java.management@15)
1103:             1             16  javax.management.remote.JMXConnectorServerFactory$$Lambda$93/0x0000000800c18e70 (java.management@15)
1104:             1             16  javax.management.remote.rmi.RMIConnectionImpl_Stub (java.management.rmi@15)
1105:             1             16  javax.management.remote.rmi.RMIServerImpl_Stub (java.management.rmi@15)
1106:             1             16  javax.net.DefaultSocketFactory (java.base@15)
1107:             1             16  jdk.internal.icu.impl.Norm2AllModes$DecomposeNormalizer2 (java.base@15)
1108:             1             16  jdk.internal.icu.impl.Norm2AllModes$NoopNormalizer2 (java.base@15)
1109:             1             16  jdk.internal.icu.impl.NormalizerImpl$IsAcceptable (java.base@15)
1110:             1             16  jdk.internal.icu.text.NormalizerBase$ModeImpl (java.base@15)
1111:             1             16  jdk.internal.icu.text.NormalizerBase$NFCMode (java.base@15)
1112:             1             16  jdk.internal.icu.text.NormalizerBase$NFDMode (java.base@15)
1113:             1             16  jdk.internal.icu.text.NormalizerBase$NFKCMode (java.base@15)
1114:             1             16  jdk.internal.icu.text.NormalizerBase$NFKDMode (java.base@15)
1115:             1             16  jdk.internal.icu.text.NormalizerBase$NONEMode (java.base@15)
1116:             1             16  jdk.internal.icu.util.CodePointTrie$Data16 (java.base@15)
1117:             1             16  jdk.internal.icu.util.VersionInfo (java.base@15)
1118:             1             16  jdk.internal.jimage.ImageReaderFactory$1 (java.base@15)
1119:             1             16  jdk.internal.jimage.ImageStringsReader (java.base@15)
1120:             1             16  jdk.internal.jimage.decompressor.Decompressor (java.base@15)
1121:             1             16  jdk.internal.logger.LazyLoggers$1 (java.base@15)
1122:             1             16  jdk.internal.logger.LazyLoggers$LazyLoggerFactories (java.base@15)
1123:             1             16  jdk.internal.math.FloatingDecimal$1 (java.base@15)
1124:             1             16  jdk.internal.misc.TerminatingThreadLocal$1 (java.base@15)
1125:             1             16  jdk.internal.misc.Unsafe (java.base@15)
1126:             1             16  jdk.internal.module.DefaultRoots$$Lambda$1/0x0000000800b53778 (java.base@15)
1127:             1             16  jdk.internal.module.DefaultRoots$$Lambda$2/0x0000000800b54180 (java.base@15)
1128:             1             16  jdk.internal.module.DefaultRoots$$Lambda$4/0x0000000800b54608 (java.base@15)
1129:             1             16  jdk.internal.module.DefaultRoots$$Lambda$9/0x0000000800b552e8 (java.base@15)
1130:             1             16  jdk.internal.module.ModulePatcher (java.base@15)
1131:             1             16  jdk.internal.module.ModuleTarget (java.base@15)
1132:             1             16  jdk.internal.perf.Perf (java.base@15)
1133:             1             16  jdk.internal.reflect.ConstantPool (java.base@15)
1134:             1             16  jdk.internal.reflect.GeneratedMethodAccessor10 (java.base@15)
1135:             1             16  jdk.internal.reflect.GeneratedMethodAccessor100 (java.base@15)
1136:             1             16  jdk.internal.reflect.GeneratedMethodAccessor11 (java.base@15)
1137:             1             16  jdk.internal.reflect.GeneratedMethodAccessor17 (java.base@15)
1138:             1             16  jdk.internal.reflect.GeneratedMethodAccessor18 (java.base@15)
1139:             1             16  jdk.internal.reflect.GeneratedMethodAccessor19 (java.base@15)
1140:             1             16  jdk.internal.reflect.GeneratedMethodAccessor20 (java.base@15)
1141:             1             16  jdk.internal.reflect.GeneratedMethodAccessor21 (java.base@15)
1142:             1             16  jdk.internal.reflect.GeneratedMethodAccessor22 (java.base@15)
1143:             1             16  jdk.internal.reflect.GeneratedMethodAccessor23 (java.base@15)
1144:             1             16  jdk.internal.reflect.GeneratedMethodAccessor25 (java.base@15)
1145:             1             16  jdk.internal.reflect.GeneratedMethodAccessor27 (java.base@15)
1146:             1             16  jdk.internal.reflect.GeneratedMethodAccessor28 (java.base@15)
1147:             1             16  jdk.internal.reflect.GeneratedMethodAccessor29 (java.base@15)
1148:             1             16  jdk.internal.reflect.GeneratedMethodAccessor30 (java.base@15)
1149:             1             16  jdk.internal.reflect.GeneratedMethodAccessor31 (java.base@15)
1150:             1             16  jdk.internal.reflect.GeneratedMethodAccessor32 (java.base@15)
1151:             1             16  jdk.internal.reflect.GeneratedMethodAccessor33 (java.base@15)
1152:             1             16  jdk.internal.reflect.GeneratedMethodAccessor34 (java.base@15)
1153:             1             16  jdk.internal.reflect.GeneratedMethodAccessor35 (java.base@15)
1154:             1             16  jdk.internal.reflect.GeneratedMethodAccessor36 (java.base@15)
1155:             1             16  jdk.internal.reflect.GeneratedMethodAccessor37 (java.base@15)
1156:             1             16  jdk.internal.reflect.GeneratedMethodAccessor38 (java.base@15)
1157:             1             16  jdk.internal.reflect.GeneratedMethodAccessor39 (java.base@15)
1158:             1             16  jdk.internal.reflect.GeneratedMethodAccessor40 (java.base@15)
1159:             1             16  jdk.internal.reflect.GeneratedMethodAccessor41 (java.base@15)
1160:             1             16  jdk.internal.reflect.GeneratedMethodAccessor42 (java.base@15)
1161:             1             16  jdk.internal.reflect.GeneratedMethodAccessor43 (java.base@15)
1162:             1             16  jdk.internal.reflect.GeneratedMethodAccessor44 (java.base@15)
1163:             1             16  jdk.internal.reflect.GeneratedMethodAccessor45 (java.base@15)
1164:             1             16  jdk.internal.reflect.GeneratedMethodAccessor46 (java.base@15)
1165:             1             16  jdk.internal.reflect.GeneratedMethodAccessor47 (java.base@15)
1166:             1             16  jdk.internal.reflect.GeneratedMethodAccessor48 (java.base@15)
1167:             1             16  jdk.internal.reflect.GeneratedMethodAccessor49 (java.base@15)
1168:             1             16  jdk.internal.reflect.GeneratedMethodAccessor5
1169:             1             16  jdk.internal.reflect.GeneratedMethodAccessor50 (java.base@15)
1170:             1             16  jdk.internal.reflect.GeneratedMethodAccessor51 (java.base@15)
1171:             1             16  jdk.internal.reflect.GeneratedMethodAccessor52 (java.base@15)
1172:             1             16  jdk.internal.reflect.GeneratedMethodAccessor53 (java.base@15)
1173:             1             16  jdk.internal.reflect.GeneratedMethodAccessor54 (java.base@15)
1174:             1             16  jdk.internal.reflect.GeneratedMethodAccessor55 (java.base@15)
1175:             1             16  jdk.internal.reflect.GeneratedMethodAccessor56 (java.base@15)
1176:             1             16  jdk.internal.reflect.GeneratedMethodAccessor57 (java.base@15)
1177:             1             16  jdk.internal.reflect.GeneratedMethodAccessor58 (java.base@15)
1178:             1             16  jdk.internal.reflect.GeneratedMethodAccessor59 (java.base@15)
1179:             1             16  jdk.internal.reflect.GeneratedMethodAccessor60 (java.base@15)
1180:             1             16  jdk.internal.reflect.GeneratedMethodAccessor61 (java.base@15)
1181:             1             16  jdk.internal.reflect.GeneratedMethodAccessor62 (java.base@15)
1182:             1             16  jdk.internal.reflect.GeneratedMethodAccessor63 (java.base@15)
1183:             1             16  jdk.internal.reflect.GeneratedMethodAccessor8 (java.base@15)
1184:             1             16  jdk.internal.reflect.GeneratedMethodAccessor80 (java.base@15)
1185:             1             16  jdk.internal.reflect.GeneratedMethodAccessor81 (java.base@15)
1186:             1             16  jdk.internal.reflect.GeneratedMethodAccessor82 (java.base@15)
1187:             1             16  jdk.internal.reflect.GeneratedMethodAccessor83 (java.base@15)
1188:             1             16  jdk.internal.reflect.GeneratedMethodAccessor84 (java.base@15)
1189:             1             16  jdk.internal.reflect.GeneratedMethodAccessor85 (java.base@15)
1190:             1             16  jdk.internal.reflect.GeneratedMethodAccessor86 (java.base@15)
1191:             1             16  jdk.internal.reflect.GeneratedMethodAccessor87 (java.base@15)
1192:             1             16  jdk.internal.reflect.GeneratedMethodAccessor88 (java.base@15)
1193:             1             16  jdk.internal.reflect.GeneratedMethodAccessor89 (java.base@15)
1194:             1             16  jdk.internal.reflect.GeneratedMethodAccessor90 (java.base@15)
1195:             1             16  jdk.internal.reflect.GeneratedMethodAccessor91 (java.base@15)
1196:             1             16  jdk.internal.reflect.GeneratedMethodAccessor93 (java.base@15)
1197:             1             16  jdk.internal.reflect.GeneratedMethodAccessor94 (java.base@15)
1198:             1             16  jdk.internal.reflect.GeneratedMethodAccessor95 (java.base@15)
1199:             1             16  jdk.internal.reflect.GeneratedMethodAccessor96 (java.base@15)
1200:             1             16  jdk.internal.reflect.GeneratedMethodAccessor97 (java.base@15)
1201:             1             16  jdk.internal.reflect.GeneratedMethodAccessor98 (java.base@15)
1202:             1             16  jdk.internal.reflect.GeneratedMethodAccessor99 (java.base@15)
1203:             1             16  jdk.internal.reflect.GeneratedSerializationConstructorAccessor221 (java.base@15)
1204:             1             16  jdk.internal.reflect.GeneratedSerializationConstructorAccessor222 (java.base@15)
1205:             1             16  jdk.internal.reflect.GeneratedSerializationConstructorAccessor223 (java.base@15)
1206:             1             16  jdk.internal.reflect.GeneratedSerializationConstructorAccessor224 (java.base@15)
1207:             1             16  jdk.internal.reflect.GeneratedSerializationConstructorAccessor225 (java.base@15)
1208:             1             16  jdk.internal.reflect.GeneratedSerializationConstructorAccessor226 (java.base@15)
1209:             1             16  jdk.internal.reflect.GeneratedSerializationConstructorAccessor227 (java.base@15)
1210:             1             16  jdk.internal.reflect.ReflectionFactory (java.base@15)
1211:             1             16  jdk.internal.util.Preconditions$1 (java.base@15)
1212:             1             16  jdk.jfr.FlightRecorderPermission$InternalAccess (jdk.jfr@15)
1213:             1             16  jdk.jfr.internal.JVM (jdk.jfr@15)
1214:             1             16  jdk.jfr.internal.SecuritySupport$Privileged (jdk.jfr@15)
1215:             1             16  jdk.jfr.internal.consumer.FileAccess$UnPrivileged (jdk.jfr@15)
1216:             1             16  jdk.management.jfr.SettingDescriptorInfo$1 (jdk.management.jfr@15)
1217:             1             16  jdk.net.ExtendedSocketOptions$PlatformSocketOptions (jdk.net@15)
1218:             1             16  org.postgresql.Driver
1219:             1             16  org.postgresql.core.CachedQueryCreateAction
1220:             1             16  org.postgresql.core.Encoding$2
1221:             1             16  org.postgresql.core.QueryExecutorBase$1
1222:             1             16  org.postgresql.jdbc.QueryExecutorTimeZoneProvider
1223:             1             16  ru.job4j.tracker.ConsoleInput
1224:             1             16  ru.job4j.tracker.CreateAction
1225:             1             16  ru.job4j.tracker.DeleteAction
1226:             1             16  ru.job4j.tracker.EditAction
1227:             1             16  ru.job4j.tracker.ExitAction
1228:             1             16  ru.job4j.tracker.FindByIdAction
1229:             1             16  ru.job4j.tracker.FindByNameAction
1230:             1             16  ru.job4j.tracker.ShowAllAction
1231:             1             16  ru.job4j.tracker.SqlTracker
1232:             1             16  ru.job4j.tracker.StartUI
1233:             1             16  sun.management.ClassLoadingImpl (java.management@15)
1234:             1             16  sun.management.ManagementFactoryHelper$$Lambda$138/0x0000000800c551a8 (java.management@15)
1235:             1             16  sun.management.ManagementFactoryHelper$$Lambda$139/0x0000000800c557e8 (java.management@15)
1236:             1             16  sun.management.ManagementFactoryHelper$$Lambda$86/0x0000000800c132d8 (java.management@15)
1237:             1             16  sun.management.jmxremote.ConnectorBootstrap$PermanentExporter (jdk.management.agent@15)
1238:             1             16  sun.management.jmxremote.LocalRMIServerSocketFactory (jdk.management.agent@15)
1239:             1             16  sun.net.DefaultProgressMeteringPolicy (java.base@15)
1240:             1             16  sun.net.spi.DefaultProxySelector (java.base@15)
1241:             1             16  sun.net.www.protocol.file.Handler (java.base@15)
1242:             1             16  sun.net.www.protocol.jar.Handler (java.base@15)
1243:             1             16  sun.net.www.protocol.jar.JarFileFactory (java.base@15)
1244:             1             16  sun.net.www.protocol.jrt.Handler (java.base@15)
1245:             1             16  sun.nio.ch.ExtendedSocketOption$1 (java.base@15)
1246:             1             16  sun.nio.ch.FileChannelImpl$1 (java.base@15)
1247:             1             16  sun.nio.ch.FileChannelImpl$2 (java.base@15)
1248:             1             16  sun.nio.ch.Net$1 (java.base@15)
1249:             1             16  sun.nio.ch.SocketDispatcher (java.base@15)
1250:             1             16  sun.nio.ch.Util$1 (java.base@15)
1251:             1             16  sun.nio.fs.NativeBuffers$1 (java.base@15)
1252:             1             16  sun.nio.fs.WindowsChannelFactory$1 (java.base@15)
1253:             1             16  sun.nio.fs.WindowsFileSystemProvider (java.base@15)
1254:             1             16  sun.reflect.generics.tree.BottomSignature (java.base@15)
1255:             1             16  sun.reflect.generics.tree.LongSignature (java.base@15)
1256:             1             16  sun.reflect.generics.tree.TypeVariableSignature (java.base@15)
1257:             1             16  sun.reflect.generics.tree.VoidDescriptor (java.base@15)
1258:             1             16  sun.rmi.runtime.Log$$Lambda$100/0x0000000800c1e550 (java.rmi@15)
1259:             1             16  sun.rmi.runtime.Log$LoggerLogFactory (java.rmi@15)
1260:             1             16  sun.rmi.runtime.RuntimeUtil (java.rmi@15)
1261:             1             16  sun.rmi.runtime.RuntimeUtil$$Lambda$119/0x0000000800c28ce0 (java.rmi@15)
1262:             1             16  sun.rmi.server.LoaderHandler$$Lambda$131/0x0000000800c3a2d0 (java.rmi@15)
1263:             1             16  sun.rmi.server.LoaderHandler$$Lambda$132/0x0000000800c3a4e8 (java.rmi@15)
1264:             1             16  sun.rmi.server.MarshalInputStream$$Lambda$128/0x0000000800c36410 (java.rmi@15)
1265:             1             16  sun.rmi.server.UnicastRef (java.rmi@15)
1266:             1             16  sun.rmi.server.UnicastRef$$Lambda$103/0x0000000800c20ef0 (java.rmi@15)
1267:             1             16  sun.rmi.server.UnicastServerRef$$Lambda$104/0x0000000800c21108 (java.rmi@15)
1268:             1             16  sun.rmi.server.UnicastServerRef$$Lambda$105/0x0000000800c21320 (java.rmi@15)
1269:             1             16  sun.rmi.server.UnicastServerRef$$Lambda$106/0x0000000800c21538 (java.rmi@15)
1270:             1             16  sun.rmi.server.UnicastServerRef$HashToMethod_Maps (java.rmi@15)
1271:             1             16  sun.rmi.server.Util$$Lambda$102/0x0000000800c20cd8 (java.rmi@15)
1272:             1             16  sun.rmi.server.Util$$Lambda$99/0x0000000800c1d928 (java.rmi@15)
1273:             1             16  sun.rmi.transport.DGCAckHandler$$Lambda$133/0x0000000800c43da8 (java.rmi@15)
1274:             1             16  sun.rmi.transport.DGCImpl$$Lambda$116/0x0000000800c28268 (java.rmi@15)
1275:             1             16  sun.rmi.transport.DGCImpl$$Lambda$117/0x0000000800c28480 (java.rmi@15)
1276:             1             16  sun.rmi.transport.DGCImpl$$Lambda$118/0x0000000800c28698 (java.rmi@15)
1277:             1             16  sun.rmi.transport.DGCImpl$$Lambda$120/0x0000000800c2aed8 (java.rmi@15)
1278:             1             16  sun.rmi.transport.DGCImpl$1 (java.rmi@15)
1279:             1             16  sun.rmi.transport.DGCImpl$2$$Lambda$121/0x0000000800c2b510 (java.rmi@15)
1280:             1             16  sun.rmi.transport.DGCImpl_Skel (java.rmi@15)
1281:             1             16  sun.rmi.transport.DGCImpl_Stub (java.rmi@15)
1282:             1             16  sun.rmi.transport.ObjectTable$$Lambda$115/0x0000000800c27a78 (java.rmi@15)
1283:             1             16  sun.rmi.transport.Transport$$Lambda$110/0x0000000800c23358 (java.rmi@15)
1284:             1             16  sun.rmi.transport.tcp.TCPChannel$$Lambda$123/0x0000000800c34318 (java.rmi@15)
1285:             1             16  sun.rmi.transport.tcp.TCPChannel$$Lambda$124/0x0000000800c34530 (java.rmi@15)
1286:             1             16  sun.rmi.transport.tcp.TCPChannel$$Lambda$125/0x0000000800c34748 (java.rmi@15)
1287:             1             16  sun.rmi.transport.tcp.TCPDirectSocketFactory (java.rmi@15)
1288:             1             16  sun.rmi.transport.tcp.TCPEndpoint$$Lambda$108/0x0000000800c22890 (java.rmi@15)
1289:             1             16  sun.rmi.transport.tcp.TCPTransport$$Lambda$111/0x0000000800c23570 (java.rmi@15)
1290:             1             16  sun.rmi.transport.tcp.TCPTransport$$Lambda$112/0x0000000800c23788 (java.rmi@15)
1291:             1             16  sun.rmi.transport.tcp.TCPTransport$$Lambda$113/0x0000000800c239a0 (java.rmi@15)
1292:             1             16  sun.rmi.transport.tcp.TCPTransport$$Lambda$114/0x0000000800c26240 (java.rmi@15)
1293:             1             16  sun.rmi.transport.tcp.TCPTransport$1 (java.rmi@15)
1294:             1             16  sun.security.jca.ProviderConfig$ProviderLoader (java.base@15)
1295:             1             16  sun.security.provider.AbstractDrbg$$Lambda$66/0x0000000800b8e898 (java.base@15)
1296:             1             16  sun.security.provider.AbstractDrbg$SeederHolder$$Lambda$67/0x0000000800b92f10 (java.base@15)
1297:             1             16  sun.security.provider.DRBG$$Lambda$65/0x0000000800b8d388 (java.base@15)
1298:             1             16  sun.security.provider.NativeSeedGenerator (java.base@15)
1299:             1             16  sun.security.util.ByteArrayLexOrder (java.base@15)
1300:             1             16  sun.security.util.ByteArrayTagOrder (java.base@15)
1301:             1             16  sun.security.util.KnownOIDs$$Lambda$64/0x0000000800b8cb00 (java.base@15)
1302:             1             16  sun.util.calendar.Gregorian (java.base@15)
1303:             1             16  sun.util.cldr.CLDRBaseLocaleDataMetaInfo (java.base@15)
1304:             1             16  sun.util.locale.InternalLocaleBuilder$CaseInsensitiveChar (java.base@15)
1305:             1             16  sun.util.locale.provider.CalendarDataUtility$CalendarWeekParameterGetter (java.base@15)
1306:             1             16  sun.util.locale.provider.NumberFormatProviderImpl$$Lambda$23/0x0000000800b65120 (java.base@15)
1307:             1             16  sun.util.locale.provider.NumberFormatProviderImpl$$Lambda$24/0x0000000800b65358 (java.base@15)
1308:             1             16  sun.util.locale.provider.TimeZoneNameUtility$TimeZoneNameGetter (java.base@15)
1309:             1             16  sun.util.logging.internal.LoggingProviderImpl (java.logging@15)
1310:             1             16  sun.util.resources.LocaleData$LocaleDataStrategy (java.base@15)
1311:             1             16  sun.util.resources.cldr.provider.CLDRLocaleDataMetaInfo (jdk.localedata@15)
Total        102471        4448584